Archive member included to satisfy reference by file (symbol)

/opt/libdragon/lib/gcc/mips64-elf/13.2.0/../../../../mips64-elf/lib/libdragon.a(n64sys.o)
                              /home/rosie/git/tiny3d//build/libt3d.a (data_cache_hit_writeback)
/opt/libdragon/lib/gcc/mips64-elf/13.2.0/../../../../mips64-elf/lib/libdragon.a(interrupt.o)
                              /opt/libdragon/lib/gcc/mips64-elf/13.2.0/../../../../mips64-elf/lib/libdragon.a(n64sys.o) (disable_interrupts)
/opt/libdragon/lib/gcc/mips64-elf/13.2.0/../../../../mips64-elf/lib/libdragon.a(fmath.o)
                              out/src/engine/actor_door.o (fm_sinf)
/opt/libdragon/lib/gcc/mips64-elf/13.2.0/../../../../mips64-elf/lib/libdragon.a(entrypoint.o)
                              (_start)
/opt/libdragon/lib/gcc/mips64-elf/13.2.0/../../../../mips64-elf/lib/libdragon.a(debug.o)
                              out/src/main.o (debug_init_usblog)
/opt/libdragon/lib/gcc/mips64-elf/13.2.0/../../../../mips64-elf/lib/libdragon.a(usb.o)
                              /opt/libdragon/lib/gcc/mips64-elf/13.2.0/../../../../mips64-elf/lib/libdragon.a(debug.o) (usb_write)
/opt/libdragon/lib/gcc/mips64-elf/13.2.0/../../../../mips64-elf/lib/libdragon.a(cart.o)
                              /opt/libdragon/lib/gcc/mips64-elf/13.2.0/../../../../mips64-elf/lib/libdragon.a(debug.o) (cart_init)
/opt/libdragon/lib/gcc/mips64-elf/13.2.0/../../../../mips64-elf/lib/libdragon.a(ff.o)
                              /opt/libdragon/lib/gcc/mips64-elf/13.2.0/../../../../mips64-elf/lib/libdragon.a(debug.o) (f_mount)
/opt/libdragon/lib/gcc/mips64-elf/13.2.0/../../../../mips64-elf/lib/libdragon.a(ffunicode.o)
                              /opt/libdragon/lib/gcc/mips64-elf/13.2.0/../../../../mips64-elf/lib/libdragon.a(ff.o) (ff_uni2oem)
/opt/libdragon/lib/gcc/mips64-elf/13.2.0/../../../../mips64-elf/lib/libdragon.a(fat.o)
                              /opt/libdragon/lib/gcc/mips64-elf/13.2.0/../../../../mips64-elf/lib/libdragon.a(ff.o) (disk_initialize)
/opt/libdragon/lib/gcc/mips64-elf/13.2.0/../../../../mips64-elf/lib/libdragon.a(dragonfs.o)
                              out/src/main.o (dfs_init)
/opt/libdragon/lib/gcc/mips64-elf/13.2.0/../../../../mips64-elf/lib/libdragon.a(audio.o)
                              out/src/engine/sfx.o (audio_init)
/opt/libdragon/lib/gcc/mips64-elf/13.2.0/../../../../mips64-elf/lib/libdragon.a(display.o)
                              out/src/main.o (display_init)
/opt/libdragon/lib/gcc/mips64-elf/13.2.0/../../../../mips64-elf/lib/libdragon.a(surface.o)
                              /opt/libdragon/lib/gcc/mips64-elf/13.2.0/../../../../mips64-elf/lib/libdragon.a(display.o) (surface_alloc)
/opt/libdragon/lib/gcc/mips64-elf/13.2.0/../../../../mips64-elf/lib/libdragon.a(asset.o)
                              /home/rosie/git/tiny3d//build/libt3d.a (asset_load)
/opt/libdragon/lib/gcc/mips64-elf/13.2.0/../../../../mips64-elf/lib/libdragon.a(lz4_dec.o)
                              /opt/libdragon/lib/gcc/mips64-elf/13.2.0/../../../../mips64-elf/lib/libdragon.a(asset.o) (decompress_lz4_full_inplace)
/opt/libdragon/lib/gcc/mips64-elf/13.2.0/../../../../mips64-elf/lib/libdragon.a(lz4_dec_fast.o)
                              /opt/libdragon/lib/gcc/mips64-elf/13.2.0/../../../../mips64-elf/lib/libdragon.a(lz4_dec.o) (decompress_lz4_full_fast)
/opt/libdragon/lib/gcc/mips64-elf/13.2.0/../../../../mips64-elf/lib/libdragon.a(ringbuf.o)
                              /opt/libdragon/lib/gcc/mips64-elf/13.2.0/../../../../mips64-elf/lib/libdragon.a(lz4_dec.o) (__ringbuf_init)
/opt/libdragon/lib/gcc/mips64-elf/13.2.0/../../../../mips64-elf/lib/libdragon.a(aplib_dec.o)
                              /opt/libdragon/lib/gcc/mips64-elf/13.2.0/../../../../mips64-elf/lib/libdragon.a(asset.o) (decompress_aplib_init)
/opt/libdragon/lib/gcc/mips64-elf/13.2.0/../../../../mips64-elf/lib/libdragon.a(shrinkler_dec.o)
                              /opt/libdragon/lib/gcc/mips64-elf/13.2.0/../../../../mips64-elf/lib/libdragon.a(asset.o) (decompress_shrinkler_full_inplace)
/opt/libdragon/lib/gcc/mips64-elf/13.2.0/../../../../mips64-elf/lib/libdragon.a(joypad.o)
                              out/src/input.o (joypad_close)
/opt/libdragon/lib/gcc/mips64-elf/13.2.0/../../../../mips64-elf/lib/libdragon.a(joypad_accessory.o)
                              /opt/libdragon/lib/gcc/mips64-elf/13.2.0/../../../../mips64-elf/lib/libdragon.a(joypad.o) (joypad_accessory_detect_async)
/opt/libdragon/lib/gcc/mips64-elf/13.2.0/../../../../mips64-elf/lib/libdragon.a(rsp.o)
                              /opt/libdragon/lib/gcc/mips64-elf/13.2.0/../../../../mips64-elf/lib/libdragon.a(display.o) (__rsp_crash)
/opt/libdragon/lib/gcc/mips64-elf/13.2.0/../../../../mips64-elf/lib/libdragon.a(rsp_crash.o)
                              /opt/libdragon/lib/gcc/mips64-elf/13.2.0/../../../../mips64-elf/lib/libdragon.a(rsp.o) (rsp_crash_data_start)
[...]
Memory Configuration

Name             Origin             Length             Attributes
*default*        0x00000000         0xffffffff

Linker script and memory map

LOAD /opt/libdragon/lib/gcc/mips64-elf/13.2.0/crti.o
LOAD /opt/libdragon/lib/gcc/mips64-elf/13.2.0/crtbegin.o
LOAD out/src/input.o
LOAD out/src/main.o
LOAD out/src/t3d_ext.o
LOAD out/src/engine/actor.o
LOAD out/src/engine/actor_door.o
LOAD out/src/engine/actor_microwave.o
LOAD out/src/engine/actor_static.o
LOAD out/src/engine/area.o
LOAD out/src/engine/collision.o
LOAD out/src/engine/player.o
LOAD out/src/engine/scene.o
LOAD out/src/engine/sfx.o
LOAD out/src/engine/ui.o
LOAD /home/rosie/git/tiny3d//build/libt3d.a
LOAD /opt/libdragon/lib/gcc/mips64-elf/13.2.0/../../../../mips64-elf/lib/libdragon.a
LOAD /opt/libdragon/lib/gcc/mips64-elf/13.2.0/../../../../mips64-elf/lib/libm.a
LOAD /opt/libdragon/lib/gcc/mips64-elf/13.2.0/../../../../mips64-elf/lib/libdragonsys.a

.intvectors     0x80000000      0x188
                0x80000000                        . = ALIGN (0x20)
 *(.intvectors)
 .intvectors    0x80000000      0x188 /opt/libdragon/lib/gcc/mips64-elf/13.2.0/../../../../mips64-elf/lib/libdragon.a(inthandler.o)
                0x80000188                        __intvectors_end = .

.text           0x80000400    0x3b8b0
                0x80000400                        __text_start = .
 *(.boot)
 .boot          0x80000400       0x74 /opt/libdragon/lib/gcc/mips64-elf/13.2.0/../../../../mips64-elf/lib/libdragon.a(entrypoint.o)
                0x80000400                _start
                0x80000480                        . = ALIGN (0x10)
 *fill*         0x80000474        0xc 
 *(.text)
 .text          0x80000480      0x400 /opt/libdragon/lib/gcc/mips64-elf/13.2.0/../../../../mips64-elf/lib/libdragon.a(inthandler.o)
                0x80000480                inthandler
                0x80000880                inthandler_end
 .text          0x80000880      0x110 /opt/libdragon/lib/gcc/mips64-elf/13.2.0/../../../../mips64-elf/lib/libm.a(libm_a-sf_ceil.o)
                0x80000880                ceilf
 .text          0x80000990       0xe8 /opt/libdragon/lib/gcc/mips64-elf/13.2.0/../../../../mips64-elf/lib/libm.a(libm_a-sf_cos.o)
                0x80000990                cosf
 .text          0x80000a78      0x1c0 /opt/libdragon/lib/gcc/mips64-elf/13.2.0/../../../../mips64-elf/lib/libm.a(libm_a-s_floor.o)
                0x80000a78                floor
 .text          0x80000c38      0x110 /opt/libdragon/lib/gcc/mips64-elf/13.2.0/../../../../mips64-elf/lib/libm.a(libm_a-sf_floor.o)
                0x80000c38                floorf
 .text          0x80000d48      0x190 /opt/libdragon/lib/gcc/mips64-elf/13.2.0/../../../../mips64-elf/lib/libm.a(libm_a-kf_cos.o)
                0x80000d48                __kernel_cosf
 .text          0x80000ed8      0x358 /opt/libdragon/lib/gcc/mips64-elf/13.2.0/../../../../mips64-elf/lib/libm.a(libm_a-ef_rem_pio2.o)
                0x80000ed8                __ieee754_rem_pio2f
 .text          0x80001230      0x998 /opt/libdragon/lib/gcc/mips64-elf/13.2.0/../../../../mips64-elf/lib/libm.a(libm_a-kf_rem_pio2.o)
                0x80001230                __kernel_rem_pio2f
 .text          0x80001bc8       0x98 /opt/libdragon/lib/gcc/mips64-elf/13.2.0/../../../../mips64-elf/lib/libm.a(libm_a-sf_round.o)
                0x80001bc8                roundf
 .text          0x80001c60       0xe0 /opt/libdragon/lib/gcc/mips64-elf/13.2.0/../../../../mips64-elf/lib/libm.a(libm_a-sf_sin.o)
                0x80001c60                sinf
 .text          0x80001d40       0xd0 /opt/libdragon/lib/gcc/mips64-elf/13.2.0/../../../../mips64-elf/lib/libm.a(libm_a-kf_sin.o)
                0x80001d40                __kernel_sinf
 .text          0x80001e10       0x80 /opt/libdragon/lib/gcc/mips64-elf/13.2.0/../../../../mips64-elf/lib/libm.a(libm_a-sf_tan.o)
                0x80001e10                tanf
 .text          0x80001e90       0x20 /opt/libdragon/lib/gcc/mips64-elf/13.2.0/../../../../mips64-elf/lib/libm.a(libm_a-sf_fabs.o)
                0x80001e90                fabsf
 .text          0x80001eb0      0x2d8 /opt/libdragon/lib/gcc/mips64-elf/13.2.0/../../../../mips64-elf/lib/libm.a(libm_a-kf_tan.o)
                0x80001eb0                __kernel_tanf
 .text          0x80002188      0x188 /opt/libdragon/lib/gcc/mips64-elf/13.2.0/../../../../mips64-elf/lib/libm.a(libm_a-sf_scalbn.o)
                0x80002188                scalbnf
 .text          0x80002310      0x1f8 /opt/libdragon/lib/gcc/mips64-elf/13.2.0/../../../../mips64-elf/lib/libc.a(libc_a-fwrite.o)
                0x80002310                _fwrite_r
                0x80002418                fwrite
 .text          0x80002508      0x190 /opt/libdragon/lib/gcc/mips64-elf/13.2.0/../../../../mips64-elf/lib/libc.a(libc_a-stdio.o)
                0x80002508                __sread
                0x80002560                __seofread
                0x80002568                __swrite
                0x80002628                __sseek
                0x80002690                __sclose
 .text          0x80002698      0x370 /opt/libdragon/lib/gcc/mips64-elf/13.2.0/../../../../mips64-elf/lib/libc.a(libc_a-memcpy.o)
                0x80002698                memcpy
 .text          0x80002a08     0x21e8 /opt/libdragon/lib/gcc/mips64-elf/13.2.0/../../../../mips64-elf/lib/libc.a(libc_a-vfprintf.o)
                0x80002a08                _vfprintf_r
                0x80004b08                vfprintf
 .text          0x80004bf0      0x188 /opt/libdragon/lib/gcc/mips64-elf/13.2.0/../../../../mips64-elf/lib/libc.a(libc_a-strchr.o)
                0x80004bf0                strchr
 .text          0x80004d78       0x70 /opt/libdragon/lib/gcc/mips64-elf/13.2.0/../../../../mips64-elf/lib/libc.a(libc_a-printf.o)
                0x80004d78                _printf_r
                0x80004da8                printf
 .text          0x80004de8      0x1c8 /opt/libdragon/lib/gcc/mips64-elf/13.2.0/../../../../mips64-elf/lib/libc.a(libc_a-snprintf.o)
                0x80004de8                _snprintf_r
                0x80004ec8                snprintf
 .text          0x80004fb0       0xa8 /opt/libdragon/lib/gcc/mips64-elf/13.2.0/../../../../mips64-elf/lib/libc.a(libc_a-strcpy.o)
                0x80004fb0                strcpy
 .text          0x80005058       0x68 /opt/libdragon/lib/gcc/mips64-elf/13.2.0/../../../../mips64-elf/lib/libc.a(libc_a-fprintf.o)
                0x80005058                _fprintf_r
                0x80005080                fprintf
 .text          0x800050c0       0xe0 /opt/libdragon/lib/gcc/mips64-elf/13.2.0/../../../../mips64-elf/lib/libc.a(libc_a-puts.o)
                0x800050c0                _puts_r
                0x80005190                puts
 .text          0x800051a0       0x18 /opt/libdragon/lib/gcc/mips64-elf/13.2.0/../../../../mips64-elf/lib/libc.a(libc_a-calloc.o)
                0x800051a0                calloc
 .text          0x800051b8      0x140 /opt/libdragon/lib/gcc/mips64-elf/13.2.0/../../../../mips64-elf/lib/libc.a(libc_a-memmove.o)
                0x800051b8                memmove
 .text          0x800052f8      0x330 /opt/libdragon/lib/gcc/mips64-elf/13.2.0/../../../../mips64-elf/lib/libc.a(libc_a-fread.o)
                0x800052f8                _fread_r
                0x800055f8                fread
 .text          0x80005628       0x18 /opt/libdragon/lib/gcc/mips64-elf/13.2.0/../../../../mips64-elf/lib/libc.a(libc_a-abort.o)
                0x80005628                abort
 .text          0x80005640      0x3a8 /opt/libdragon/lib/gcc/mips64-elf/13.2.0/../../../../mips64-elf/lib/libc.a(libc_a-findfp.o)
                0x80005838                __sfp
                0x80005978                __sinit
                0x800059a8                __sfp_lock_acquire
                0x800059b0                __sfp_lock_release
                0x800059b8                __fp_lock_all
                0x800059d0                __fp_unlock_all
 .text          0x800059e8      0x11c /opt/libdragon/lib/gcc/mips64-elf/13.2.0/../../../../mips64-elf/lib/libc.a(libc_a-memset.o)
                0x800059e8                memset
 *fill*         0x80005b04        0x4 
 .text          0x80005b08     0x1390 /opt/libdragon/lib/gcc/mips64-elf/13.2.0/../../../../mips64-elf/lib/libc.a(libc_a-vfiprintf.o)
                0x80005c40                __sprint_r
                0x80005c60                _vfiprintf_r
                0x80006db0                vfiprintf
 .text          0x80006e98      0x460 /opt/libdragon/lib/gcc/mips64-elf/13.2.0/../../../../mips64-elf/lib/libc.a(libc_a-strerror.o)
                0x80006e98                _strerror_r
                0x800072c8                strerror
                0x800072e0                strerror_l
 .text          0x800072f8      0x120 /opt/libdragon/lib/gcc/mips64-elf/13.2.0/../../../../mips64-elf/lib/libc.a(libc_a-callocr.o)
                0x800072f8                _calloc_r
 .text          0x80007418      0x570 /opt/libdragon/lib/gcc/mips64-elf/13.2.0/../../../../mips64-elf/lib/libc.a(libc_a-fvwrite.o)
                0x80007418                __sfvwrite_r
 .text          0x80007988       0x18 /opt/libdragon/lib/gcc/mips64-elf/13.2.0/../../../../mips64-elf/lib/libc.a(libc_a-realloc.o)
                0x80007988                realloc
 .text          0x800079a0        0x8 /opt/libdragon/lib/gcc/mips64-elf/13.2.0/../../../../mips64-elf/lib/libc.a(libc_a-errno.o)
                0x800079a0                __errno
 .text          0x800079a8       0x70 /opt/libdragon/lib/gcc/mips64-elf/13.2.0/../../../../mips64-elf/lib/libc.a(libc_a-strrchr.o)
                0x800079a8                strrchr
 .text          0x80007a18       0xf0 /opt/libdragon/lib/gcc/mips64-elf/13.2.0/../../../../mips64-elf/lib/libc.a(libc_a-strncmp.o)
                0x80007a18                strncmp
 .text          0x80007b08      0x140 /opt/libdragon/lib/gcc/mips64-elf/13.2.0/../../../../mips64-elf/lib/libc.a(libc_a-fclose.o)
                0x80007b08                _fclose_r
                0x80007c38                fclose
 .text          0x80007c48       0xd8 /opt/libdragon/lib/gcc/mips64-elf/13.2.0/../../../../mips64-elf/lib/libc.a(libc_a-sprintf.o)
                0x80007c48                _sprintf_r
                0x80007cb0                sprintf
 .text          0x80007d20      0x888 /opt/libdragon/lib/gcc/mips64-elf/13.2.0/../../../../mips64-elf/lib/libc.a(libc_a-mallocr.o)
                0x80007d20                _malloc_r
 .text          0x800085a8     0x1658 /opt/libdragon/lib/gcc/mips64-elf/13.2.0/../../../../mips64-elf/lib/libc.a(libc_a-dtoa.o)
                0x800087f8                _dtoa_r
 .text          0x80009c00      0x480 /opt/libdragon/lib/gcc/mips64-elf/13.2.0/../../../../mips64-elf/lib/libc.a(libc_a-freer.o)
                0x80009c00                _malloc_trim_r
                0x80009d40                _free_r
 .text          0x8000a080      0x270 /opt/libdragon/lib/gcc/mips64-elf/13.2.0/../../../../mips64-elf/lib/libc.a(libc_a-setvbuf.o)
                0x8000a080                setvbuf
 .text          0x8000a2f0       0x20 /opt/libdragon/lib/gcc/mips64-elf/13.2.0/../../../../mips64-elf/lib/libc.a(libc_a-putchar.o)
                0x8000a2f0                _putchar_r
                0x8000a2f8                putchar
 .text          0x8000a310       0x20 /opt/libdragon/lib/gcc/mips64-elf/13.2.0/../../../../mips64-elf/lib/libc.a(libc_a-malloc.o)
                0x8000a310                malloc
                0x8000a320                free
 .text          0x8000a330      0x240 /opt/libdragon/lib/gcc/mips64-elf/13.2.0/../../../../mips64-elf/lib/libc.a(libc_a-strcmp.o)
                0x8000a330                strcmp
 .text          0x8000a570       0x60 /opt/libdragon/lib/gcc/mips64-elf/13.2.0/../../../../mips64-elf/lib/libc.a(libc_a-writer.o)
                0x8000a570                _write_r
 .text          0x8000a5d0       0xf8 /opt/libdragon/lib/gcc/mips64-elf/13.2.0/../../../../mips64-elf/lib/libc.a(libc_a-memchr.o)
                0x8000a5d0                memchr
 .text          0x8000a6c8       0xc0 /opt/libdragon/lib/gcc/mips64-elf/13.2.0/../../../../mips64-elf/lib/libc.a(libc_a-fputs.o)
                0x8000a6c8                _fputs_r
                0x8000a770                fputs
 .text          0x8000a788      0x410 /opt/libdragon/lib/gcc/mips64-elf/13.2.0/../../../../mips64-elf/lib/libc.a(libc_a-funopen.o)
                0x8000a9e8                _funopen_r
                0x8000ab60                funopen
 .text          0x8000ab98       0x50 /opt/libdragon/lib/gcc/mips64-elf/13.2.0/../../../../mips64-elf/lib/libc.a(libc_a-closer.o)
                0x8000ab98                _close_r
 .text          0x8000abe8       0xc0 /opt/libdragon/lib/gcc/mips64-elf/13.2.0/../../../../mips64-elf/lib/libc.a(libc_a-fwalk.o)
                0x8000abe8                _fwalk_sglue
 .text          0x8000aca8      0x5d0 /opt/libdragon/lib/gcc/mips64-elf/13.2.0/../../../../mips64-elf/lib/libc.a(libc_a-reallocr.o)
                0x8000aca8                _realloc_r
 .text          0x8000b278      0x338 /opt/libdragon/lib/gcc/mips64-elf/13.2.0/../../../../mips64-elf/lib/libc.a(libc_a-fflush.o)
                0x8000b278                __sflush_r
                0x8000b4d0                _fflush_r
                0x8000b530                fflush
 .text          0x8000b5b0        0x8 /opt/libdragon/lib/gcc/mips64-elf/13.2.0/../../../../mips64-elf/lib/libc.a(libc_a-u_strerr.o)
                0x8000b5b0                _user_strerror
 .text          0x8000b5b8      0x258 /opt/libdragon/lib/gcc/mips64-elf/13.2.0/../../../../mips64-elf/lib/libc.a(libc_a-makebuf.o)
                0x8000b5b8                __smakebuf_r
                0x8000b760                __swhatbuf_r
 .text          0x8000b810       0x10 /opt/libdragon/lib/gcc/mips64-elf/13.2.0/../../../../mips64-elf/lib/libc.a(libc_a-mlock.o)
                0x8000b810                __malloc_lock
                0x8000b818                __malloc_unlock
 .text          0x8000b820       0x30 /opt/libdragon/lib/gcc/mips64-elf/13.2.0/../../../../mips64-elf/lib/libc.a(libc_a-vprintf.o)
                0x8000b820                vprintf
                0x8000b838                _vprintf_r
 .text          0x8000b850       0x90 /opt/libdragon/lib/gcc/mips64-elf/13.2.0/../../../../mips64-elf/lib/libc.a(libc_a-stpcpy.o)
                0x8000b850                stpcpy
 .text          0x8000b8e0      0x170 /opt/libdragon/lib/gcc/mips64-elf/13.2.0/../../../../mips64-elf/lib/libc.a(libc_a-wsetup.o)
                0x8000b8e0                __swsetup_r
 .text          0x8000ba50      0xb50 /opt/libdragon/lib/gcc/mips64-elf/13.2.0/../../../../mips64-elf/lib/libc.a(libc_a-strstr.o)
                0x8000c2b0                strstr
 .text          0x8000c5a0      0x570 /opt/libdragon/lib/gcc/mips64-elf/13.2.0/../../../../mips64-elf/lib/libc.a(libc_a-signal.o)
                0x8000c5a0                _init_signal_r
                0x8000c608                _signal_r
                0x8000c6a8                _raise_r
                0x8000c760                __sigtramp_r
                0x8000c850                raise
                0x8000c918                signal
                0x8000c9b8                _init_signal
                0x8000ca28                __sigtramp
 .text          0x8000cb10       0x18 /opt/libdragon/lib/gcc/mips64-elf/13.2.0/../../../../mips64-elf/lib/libc.a(libc_a-strlen.o)
                0x8000cb10                strlen
 .text          0x8000cb28       0xb8 /opt/libdragon/lib/gcc/mips64-elf/13.2.0/../../../../mips64-elf/lib/libc.a(libc_a-vsprintf.o)
                0x8000cb28                vsprintf
                0x8000cb88                _vsprintf_r
 .text          0x8000cbe0       0x98 /opt/libdragon/lib/gcc/mips64-elf/13.2.0/../../../../mips64-elf/lib/libc.a(libc_a-strcat.o)
                0x8000cbe0                strcat
 .text          0x8000cc78       0x60 /opt/libdragon/lib/gcc/mips64-elf/13.2.0/../../../../mips64-elf/lib/libc.a(libc_a-lseekr.o)
                0x8000cc78                _lseek_r
 .text          0x8000ccd8       0x18 /opt/libdragon/lib/gcc/mips64-elf/13.2.0/../../../../mips64-elf/lib/libc.a(libc_a-malign.o)
                0x8000ccd8                memalign
 .text          0x8000ccf0      0x1b8 /opt/libdragon/lib/gcc/mips64-elf/13.2.0/../../../../mips64-elf/lib/libc.a(libc_a-fputwc.o)
                0x8000ccf0                __fputwc
                0x8000ce08                _fputwc_r
                0x8000ce30                fputwc
 .text          0x8000cea8       0x88 /opt/libdragon/lib/gcc/mips64-elf/13.2.0/../../../../mips64-elf/lib/libc.a(libc_a-memcmp.o)
                0x8000cea8                memcmp
 .text          0x8000cf30       0xd0 /opt/libdragon/lib/gcc/mips64-elf/13.2.0/../../../../mips64-elf/lib/libc.a(libc_a-fputc.o)
                0x8000cf30                _fputc_r
                0x8000cf90                fputc
 .text          0x8000d000       0x28 /opt/libdragon/lib/gcc/mips64-elf/13.2.0/../../../../mips64-elf/lib/libc.a(libc_a-localeconv.o)
                0x8000d000                __localeconv_l
                0x8000d008                _localeconv_r
                0x8000d018                localeconv
 .text          0x8000d028       0x48 /opt/libdragon/lib/gcc/mips64-elf/13.2.0/../../../../mips64-elf/lib/libc.a(libc_a-strnlen.o)
                0x8000d028                strnlen
 .text          0x8000d070       0x60 /opt/libdragon/lib/gcc/mips64-elf/13.2.0/../../../../mips64-elf/lib/libc.a(libc_a-readr.o)
                0x8000d070                _read_r
 .text          0x8000d0d0     0x1438 /opt/libdragon/lib/gcc/mips64-elf/13.2.0/../../../../mips64-elf/lib/libc.a(libc_a-mprec.o)
                0x8000d0d0                _Balloc
                0x8000d180                _Bfree
                0x8000d1b0                __multadd
                0x8000d310                __s2b
                0x8000d490                __hi0bits
                0x8000d518                __lo0bits
                0x8000d5e0                __i2b
                0x8000d6b8                __multiply
                0x8000d948                __pow5mult
                0x8000dab0                __lshift
                0x8000dc68                __mcmp
                0x8000dcd0                __mdiff
                0x8000df58                __ulp
                0x8000e008                __b2d
                0x8000e1a0                __d2b
                0x8000e300                __ratio
                0x8000e3c0                _mprec_log10
                0x8000e400                __copybits
                0x8000e488                __any_on
 .text          0x8000e508       0x60 /opt/libdragon/lib/gcc/mips64-elf/13.2.0/../../../../mips64-elf/lib/libc.a(libc_a-signalr.o)
                0x8000e508                _kill_r
                0x8000e560                _getpid_r
 .text          0x8000e568      0x228 /opt/libdragon/lib/gcc/mips64-elf/13.2.0/../../../../mips64-elf/lib/libc.a(libc_a-refill.o)
                0x8000e590                __srefill_r
 .text          0x8000e790     0x1fb0 /opt/libdragon/lib/gcc/mips64-elf/13.2.0/../../../../mips64-elf/lib/libc.a(libc_a-svfprintf.o)
                0x8000e790                _svfprintf_r
 .text          0x80010740      0x118 /opt/libdragon/lib/gcc/mips64-elf/13.2.0/../../../../mips64-elf/lib/libc.a(libc_a-wcrtomb.o)
                0x80010740                _wcrtomb_r
                0x800107c0                wcrtomb
 .text          0x80010858      0x120 /opt/libdragon/lib/gcc/mips64-elf/13.2.0/../../../../mips64-elf/lib/libc.a(libc_a-locale.o)
                0x80010858                _setlocale_r
                0x800108e0                __locale_mb_cur_max
                0x800108f0                setlocale
 .text          0x80010978       0x58 /opt/libdragon/lib/gcc/mips64-elf/13.2.0/../../../../mips64-elf/lib/libc.a(libc_a-fstatr.o)
                0x80010978                _fstat_r
 .text          0x800109d0      0x160 /opt/libdragon/lib/gcc/mips64-elf/13.2.0/../../../../mips64-elf/lib/libc.a(libc_a-putc.o)
                0x800109d0                _putc_r
                0x80010a78                putc
 .text          0x80010b30      0x1f8 /opt/libdragon/lib/gcc/mips64-elf/13.2.0/../../../../mips64-elf/lib/libc.a(libc_a-malignr.o)
                0x80010b30                _memalign_r
 .text          0x80010d28       0x50 /opt/libdragon/lib/gcc/mips64-elf/13.2.0/../../../../mips64-elf/lib/libc.a(libc_a-sbrkr.o)
                0x80010d28                _sbrk_r
 .text          0x80010d78       0x50 /opt/libdragon/lib/gcc/mips64-elf/13.2.0/../../../../mips64-elf/lib/libc.a(libc_a-isattyr.o)
                0x80010d78                _isatty_r
 .text          0x80010dc8       0x48 /opt/libdragon/lib/gcc/mips64-elf/13.2.0/../../../../mips64-elf/lib/libc.a(libc_a-wctomb_r.o)
                0x80010dc8                _wctomb_r
                0x80010dd8                __ascii_wctomb
 .text          0x80010e10     0x1118 /opt/libdragon/lib/gcc/mips64-elf/13.2.0/../../../../mips64-elf/lib/libc.a(libc_a-svfiprintf.o)
                0x80010e10                __ssprint_r
                0x80011058                _svfiprintf_r
 .text          0x80011f28      0x1b8 /opt/libdragon/lib/gcc/mips64-elf/13.2.0/../../../../mips64-elf/lib/libc.a(libc_a-wbuf.o)
                0x80011f28                __swbuf_r
                0x800120c8                __swbuf
 .text          0x800120e0       0x70 /opt/libdragon/lib/gcc/mips64-elf/13.2.0/../../../../mips64-elf/lib/libc.a(libc_a-mbtowc_r.o)
                0x800120e0                _mbtowc_r
                0x800120f0                __ascii_mbtowc
 *(.text.*)
 .text.input_init
                0x80012150       0x4c out/src/input.o
                0x80012150                input_init
 .text.input_poll
                0x8001219c      0x208 out/src/input.o
                0x8001219c                input_poll
 .text.startup.main
                0x800123a4      0x2b0 out/src/main.o
                0x800123a4                main
 .text.t3d_vec3_dot
                0x80012654       0x30 out/src/t3d_ext.o
 .text.t3d_vec3_negate
                0x80012684       0x28 out/src/t3d_ext.o
                0x80012684                t3d_vec3_negate
 .text.t3d_raycast_triangle
                0x800126ac      0x200 out/src/t3d_ext.o
                0x800126ac                t3d_raycast_triangle
 .text.actor_static_vars_setup
                0x800128ac        0xc out/src/engine/actor.o
                0x800128ac                actor_static_vars_setup
 .text.actor_static_vars_to_ui
                0x800128b8       0x1c out/src/engine/actor.o
                0x800128b8                actor_static_vars_to_ui
 .text.actor_update
                0x800128d4      0x134 out/src/engine/actor.o
                0x800128d4                actor_update
 .text.actor_render
                0x80012a08       0x20 out/src/engine/actor.o
                0x80012a08                actor_render
 .text.actor_matrix_setup
                0x80012a28      0x114 out/src/engine/actor.o
                0x80012a28                actor_matrix_setup
 .text.actor_door_init
                0x80012b3c       0x48 out/src/engine/actor_door.o
                0x80012b3c                actor_door_init
 .text.actor_door_find_by_area_dest
                0x80012b84       0x4c out/src/engine/actor_door.o
                0x80012b84                actor_door_find_by_area_dest
 .text.actor_door_update
                0x80012bd0      0x294 out/src/engine/actor_door.o
                0x80012bd0                actor_door_update
 .text.actor_microwave_init
                0x80012e64       0x44 out/src/engine/actor_microwave.o
                0x80012e64                actor_microwave_init
 .text.actor_microwave_update
                0x80012ea8      0x150 out/src/engine/actor_microwave.o
                0x80012ea8                actor_microwave_update
 .text.actor_static_init
                0x80012ff8       0x30 out/src/engine/actor_static.o
                0x80012ff8                actor_static_init
 .text.actor_static_update
                0x80013028        0x8 out/src/engine/actor_static.o
                0x80013028                actor_static_update
 .text.area_render
                0x80013030       0x88 out/src/engine/area.o
                0x80013030                area_render
 .text.t3d_vec3_add
                0x800130b8       0x34 out/src/engine/player.o
 .text.t3d_vec3_norm
                0x800130ec       0x54 out/src/engine/player.o
 .text.player_init
                0x80013140       0x38 out/src/engine/player.o
                0x80013140                player_init
 .text.player_look_values_get
                0x80013178      0x140 out/src/engine/player.o
                0x80013178                player_look_values_get
 .text.player_update
                0x800132b8      0x4a8 out/src/engine/player.o
                0x800132b8                player_update
 .text.player_to_viewport
                0x80013760       0x84 out/src/engine/player.o
                0x80013760                player_to_viewport
 .text.scene_init_from_file
                0x800137e4      0x778 out/src/engine/scene.o
                0x800137e4                scene_init_from_file
 .text.scene_update
                0x80013f5c      0x25c out/src/engine/scene.o
                0x80013f5c                scene_update
 .text.scene_render
                0x800141b8       0x90 out/src/engine/scene.o
                0x800141b8                scene_render
 .text.sfx_init
                0x80014248       0x4c out/src/engine/sfx.o
                0x80014248                sfx_init
 .text.sfx_play
                0x80014294       0x48 out/src/engine/sfx.o
                0x80014294                sfx_play
 .text.sfx_update
                0x800142dc       0x50 out/src/engine/sfx.o
                0x800142dc                sfx_update
 .text.ui_init  0x8001432c       0x28 out/src/engine/ui.o
                0x8001432c                ui_init
 .text.ui_elements_toggle
                0x80014354       0x20 out/src/engine/ui.o
                0x80014354                ui_elements_toggle
 .text.ui_render
                0x80014374       0x48 out/src/engine/ui.o
                0x80014374                ui_render
 .text.t3d_vec3_cross
                0x800143bc       0x54 /home/rosie/git/tiny3d//build/libt3d.a
 .text.t3d_vec3_dot
                0x80014410       0x30 /home/rosie/git/tiny3d//build/libt3d.a
 .text.t3d_vec3_norm
                0x80014440       0xa8 /home/rosie/git/tiny3d//build/libt3d.a
 .text.t3d_quat_nlerp
                0x800144e8       0xdc /home/rosie/git/tiny3d//build/libt3d.a
                0x800144e8                t3d_quat_nlerp
 .text.t3d_mat4_look_at
                0x800145c4      0x11c /home/rosie/git/tiny3d//build/libt3d.a
                0x800145c4                t3d_mat4_look_at
 .text.t3d_mat4_to_frustum
                0x800146e0       0xb4 /home/rosie/git/tiny3d//build/libt3d.a
                0x800146e0                t3d_mat4_to_frustum
 .text.t3d_mat4_perspective
                0x80014794       0xb4 /home/rosie/git/tiny3d//build/libt3d.a
                0x80014794                t3d_mat4_perspective
 .text.t3d_mat4_to_fixed
                0x80014848       0xbc /home/rosie/git/tiny3d//build/libt3d.a
                0x80014848                t3d_mat4_to_fixed
 .text.t3d_mat4_to_fixed_3x4
                0x80014904       0xa8 /home/rosie/git/tiny3d//build/libt3d.a
                0x80014904                t3d_mat4_to_fixed_3x4
 .text.t3d_mat4_from_srt
                0x800149ac      0x130 /home/rosie/git/tiny3d//build/libt3d.a
                0x800149ac                t3d_mat4_from_srt
 .text.t3d_mat4_from_srt_euler
                0x80014adc      0x17c /home/rosie/git/tiny3d//build/libt3d.a
                0x80014adc                t3d_mat4_from_srt_euler
 .text.t3d_mat4fp_from_srt_euler
                0x80014c58       0x34 /home/rosie/git/tiny3d//build/libt3d.a
                0x80014c58                t3d_mat4fp_from_srt_euler
 .text.t3d_mat4fp_from_srt
                0x80014c8c       0x2c /home/rosie/git/tiny3d//build/libt3d.a
                0x80014c8c                t3d_mat4fp_from_srt
 .text.t3d_mat4_mul
                0x80014cb8       0x70 /home/rosie/git/tiny3d//build/libt3d.a
 .text.t3d_matrix_stack
                0x80014d28       0x6c /home/rosie/git/tiny3d//build/libt3d.a
 .text.t3d_dmem_set_u16
                0x80014d94       0x48 /home/rosie/git/tiny3d//build/libt3d.a
 .text.t3d_dmem_set_u32
                0x80014ddc       0x44 /home/rosie/git/tiny3d//build/libt3d.a
 .text.t3d_init
                0x80014e20       0xc4 /home/rosie/git/tiny3d//build/libt3d.a
                0x80014e20                t3d_init
 .text.t3d_screen_clear_color
                0x80014ee4       0x28 /home/rosie/git/tiny3d//build/libt3d.a
                0x80014ee4                t3d_screen_clear_color
 .text.t3d_screen_clear_depth
                0x80014f0c       0x24 /home/rosie/git/tiny3d//build/libt3d.a
                0x80014f0c                t3d_screen_clear_depth
 .text.t3d_matrix_set
                0x80014f30       0x10 /home/rosie/git/tiny3d//build/libt3d.a
                0x80014f30                t3d_matrix_set
 .text.t3d_matrix_push
                0x80014f40       0x10 /home/rosie/git/tiny3d//build/libt3d.a
                0x80014f40                t3d_matrix_push
 .text.t3d_matrix_pop
                0x80014f50       0x18 /home/rosie/git/tiny3d//build/libt3d.a
                0x80014f50                t3d_matrix_pop
 .text.t3d_matrix_set_proj
                0x80014f68       0x4c /home/rosie/git/tiny3d//build/libt3d.a
                0x80014f68                t3d_matrix_set_proj
 .text.t3d_vert_load
                0x80014fb4       0x84 /home/rosie/git/tiny3d//build/libt3d.a
                0x80014fb4                t3d_vert_load
 .text.t3d_frame_start
                0x80015038       0x58 /home/rosie/git/tiny3d//build/libt3d.a
                0x80015038                t3d_frame_start
 .text.t3d_light_set_ambient
                0x80015090       0x54 /home/rosie/git/tiny3d//build/libt3d.a
                0x80015090                t3d_light_set_ambient
 .text.t3d_state_set_drawflags
                0x800150e4       0x98 /home/rosie/git/tiny3d//build/libt3d.a
                0x800150e4                t3d_state_set_drawflags
 .text.t3d_state_set_vertex_fx
                0x8001517c       0xb4 /home/rosie/git/tiny3d//build/libt3d.a
                0x8001517c                t3d_state_set_vertex_fx
 .text.t3d_tri_draw
                0x80015230       0xa4 /home/rosie/git/tiny3d//build/libt3d.a
                0x80015230                t3d_tri_draw
 .text.t3d_tri_draw_strip
                0x800152d4       0xa8 /home/rosie/git/tiny3d//build/libt3d.a
                0x800152d4                t3d_tri_draw_strip
 .text.t3d_viewport_attach
                0x8001537c      0x37c /home/rosie/git/tiny3d//build/libt3d.a
                0x8001537c                t3d_viewport_attach
 .text.t3d_viewport_set_perspective
                0x800156f8       0x4c /home/rosie/git/tiny3d//build/libt3d.a
                0x800156f8                t3d_viewport_set_perspective
 .text.t3d_viewport_set_projection
                0x80015744       0x40 /home/rosie/git/tiny3d//build/libt3d.a
                0x80015744                t3d_viewport_set_projection
 .text.t3d_viewport_look_at
                0x80015784       0x58 /home/rosie/git/tiny3d//build/libt3d.a
                0x80015784                t3d_viewport_look_at
 .text.t3d_indexbuffer_convert
                0x800157dc       0x58 /home/rosie/git/tiny3d//build/libt3d.a
                0x800157dc                t3d_indexbuffer_convert
 .text.set_texture
                0x80015834      0x2d4 /home/rosie/git/tiny3d//build/libt3d.a
 .text.t3d_model_load
                0x80015b08      0x3fc /home/rosie/git/tiny3d//build/libt3d.a
                0x80015b08                t3d_model_load
 .text.t3d_model_draw_object
                0x80015f04      0x214 /home/rosie/git/tiny3d//build/libt3d.a
                0x80015f04                t3d_model_draw_object
 .text.t3d_model_draw_material
                0x80016118      0x360 /home/rosie/git/tiny3d//build/libt3d.a
                0x80016118                t3d_model_draw_material
 .text.t3d_model_iter_next
                0x80016478       0x68 /home/rosie/git/tiny3d//build/libt3d.a
                0x80016478                t3d_model_iter_next
 .text.t3d_model_draw_custom
                0x800164e0       0xf4 /home/rosie/git/tiny3d//build/libt3d.a
                0x800164e0                t3d_model_draw_custom
 *fill*         0x800165d4        0xc 
 .text.data_cache_hit_writeback
                0x800165e0       0x60 /opt/libdragon/lib/gcc/mips64-elf/13.2.0/../../../../mips64-elf/lib/libdragon.a(n64sys.o)
                0x800165e0                data_cache_hit_writeback
 .text.__data_cache_hit_invalidate
                0x80016640       0x60 /opt/libdragon/lib/gcc/mips64-elf/13.2.0/../../../../mips64-elf/lib/libdragon.a(n64sys.o)
                0x80016640                __data_cache_hit_invalidate
 .text.data_cache_hit_writeback_invalidate
                0x800166a0       0x60 /opt/libdragon/lib/gcc/mips64-elf/13.2.0/../../../../mips64-elf/lib/libdragon.a(n64sys.o)
                0x800166a0                data_cache_hit_writeback_invalidate
 .text.inst_cache_hit_invalidate
                0x80016700       0x60 /opt/libdragon/lib/gcc/mips64-elf/13.2.0/../../../../mips64-elf/lib/libdragon.a(n64sys.o)
                0x80016700                inst_cache_hit_invalidate
 .text.malloc_uncached_aligned
                0x80016760       0xc0 /opt/libdragon/lib/gcc/mips64-elf/13.2.0/../../../../mips64-elf/lib/libdragon.a(n64sys.o)
                0x80016760                malloc_uncached_aligned
 .text.malloc_uncached
                0x80016820       0x20 /opt/libdragon/lib/gcc/mips64-elf/13.2.0/../../../../mips64-elf/lib/libdragon.a(n64sys.o)
                0x80016820                malloc_uncached
 .text.free_uncached
                0x80016840       0x20 /opt/libdragon/lib/gcc/mips64-elf/13.2.0/../../../../mips64-elf/lib/libdragon.a(n64sys.o)
                0x80016840                free_uncached
 .text.get_memory_size
                0x80016860       0x20 /opt/libdragon/lib/gcc/mips64-elf/13.2.0/../../../../mips64-elf/lib/libdragon.a(n64sys.o)
                0x80016860                get_memory_size
 .text.get_ticks
                0x80016880       0x40 /opt/libdragon/lib/gcc/mips64-elf/13.2.0/../../../../mips64-elf/lib/libdragon.a(n64sys.o)
                0x80016880                get_ticks
 .text.wait_ms  0x800168c0       0x40 /opt/libdragon/lib/gcc/mips64-elf/13.2.0/../../../../mips64-elf/lib/libdragon.a(n64sys.o)
                0x800168c0                wait_ms
 .text.die      0x80016900       0x60 /opt/libdragon/lib/gcc/mips64-elf/13.2.0/../../../../mips64-elf/lib/libdragon.a(n64sys.o)
                0x80016900                die
 .text.startup.__init_cop1
                0x80016960       0x40 /opt/libdragon/lib/gcc/mips64-elf/13.2.0/../../../../mips64-elf/lib/libdragon.a(n64sys.o)
                0x80016960                __init_cop1
 .text.__MI_handler
                0x800169a0      0x360 /opt/libdragon/lib/gcc/mips64-elf/13.2.0/../../../../mips64-elf/lib/libdragon.a(interrupt.o)
                0x800169a0                __MI_handler
 .text.__MI_BB_handler
                0x80016d00      0x300 /opt/libdragon/lib/gcc/mips64-elf/13.2.0/../../../../mips64-elf/lib/libdragon.a(interrupt.o)
                0x80016d00                __MI_BB_handler
 .text.__TI_handler
                0x80017000       0x80 /opt/libdragon/lib/gcc/mips64-elf/13.2.0/../../../../mips64-elf/lib/libdragon.a(interrupt.o)
                0x80017000                __TI_handler
 .text.__CART_handler
                0x80017080      0x100 /opt/libdragon/lib/gcc/mips64-elf/13.2.0/../../../../mips64-elf/lib/libdragon.a(interrupt.o)
                0x80017080                __CART_handler
 .text.__RESET_handler
                0x80017180       0x60 /opt/libdragon/lib/gcc/mips64-elf/13.2.0/../../../../mips64-elf/lib/libdragon.a(interrupt.o)
                0x80017180                __RESET_handler
 .text.register_AI_handler
                0x800171e0       0x60 /opt/libdragon/lib/gcc/mips64-elf/13.2.0/../../../../mips64-elf/lib/libdragon.a(interrupt.o)
                0x800171e0                register_AI_handler
 .text.register_VI_handler
                0x80017240       0x60 /opt/libdragon/lib/gcc/mips64-elf/13.2.0/../../../../mips64-elf/lib/libdragon.a(interrupt.o)
                0x80017240                register_VI_handler
 .text.unregister_VI_handler
                0x800172a0       0x60 /opt/libdragon/lib/gcc/mips64-elf/13.2.0/../../../../mips64-elf/lib/libdragon.a(interrupt.o)
                0x800172a0                unregister_VI_handler
 .text.register_DP_handler
                0x80017300       0x60 /opt/libdragon/lib/gcc/mips64-elf/13.2.0/../../../../mips64-elf/lib/libdragon.a(interrupt.o)
                0x80017300                register_DP_handler
 .text.register_SI_handler
                0x80017360       0x60 /opt/libdragon/lib/gcc/mips64-elf/13.2.0/../../../../mips64-elf/lib/libdragon.a(interrupt.o)
                0x80017360                register_SI_handler
 .text.register_SP_handler
                0x800173c0       0x60 /opt/libdragon/lib/gcc/mips64-elf/13.2.0/../../../../mips64-elf/lib/libdragon.a(interrupt.o)
                0x800173c0                register_SP_handler
 .text.register_TI_handler
                0x80017420       0x60 /opt/libdragon/lib/gcc/mips64-elf/13.2.0/../../../../mips64-elf/lib/libdragon.a(interrupt.o)
                0x80017420                register_TI_handler
 .text.set_AI_interrupt
                0x80017480       0x20 /opt/libdragon/lib/gcc/mips64-elf/13.2.0/../../../../mips64-elf/lib/libdragon.a(interrupt.o)
                0x80017480                set_AI_interrupt
 .text.set_VI_interrupt
                0x800174a0       0x40 /opt/libdragon/lib/gcc/mips64-elf/13.2.0/../../../../mips64-elf/lib/libdragon.a(interrupt.o)
                0x800174a0                set_VI_interrupt
 .text.set_DP_interrupt
                0x800174e0       0x20 /opt/libdragon/lib/gcc/mips64-elf/13.2.0/../../../../mips64-elf/lib/libdragon.a(interrupt.o)
                0x800174e0                set_DP_interrupt
 .text.set_SI_interrupt
                0x80017500       0x20 /opt/libdragon/lib/gcc/mips64-elf/13.2.0/../../../../mips64-elf/lib/libdragon.a(interrupt.o)
                0x80017500                set_SI_interrupt
 .text.set_SP_interrupt
                0x80017520       0x20 /opt/libdragon/lib/gcc/mips64-elf/13.2.0/../../../../mips64-elf/lib/libdragon.a(interrupt.o)
                0x80017520                set_SP_interrupt
 .text.set_TI_interrupt
                0x80017540       0x40 /opt/libdragon/lib/gcc/mips64-elf/13.2.0/../../../../mips64-elf/lib/libdragon.a(interrupt.o)
                0x80017540                set_TI_interrupt
 .text.startup.__init_interrupts
                0x80017580       0x60 /opt/libdragon/lib/gcc/mips64-elf/13.2.0/../../../../mips64-elf/lib/libdragon.a(interrupt.o)
                0x80017580                __init_interrupts
 .text.disable_interrupts
                0x800175e0       0x40 /opt/libdragon/lib/gcc/mips64-elf/13.2.0/../../../../mips64-elf/lib/libdragon.a(interrupt.o)
                0x800175e0                disable_interrupts
 .text.enable_interrupts
                0x80017620       0x80 /opt/libdragon/lib/gcc/mips64-elf/13.2.0/../../../../mips64-elf/lib/libdragon.a(interrupt.o)
                0x80017620                enable_interrupts
 .text.get_interrupts_state
                0x800176a0       0x20 /opt/libdragon/lib/gcc/mips64-elf/13.2.0/../../../../mips64-elf/lib/libdragon.a(interrupt.o)
                0x800176a0                get_interrupts_state
 .text.exception_reset_time
                0x800176c0       0x20 /opt/libdragon/lib/gcc/mips64-elf/13.2.0/../../../../mips64-elf/lib/libdragon.a(interrupt.o)
                0x800176c0                exception_reset_time
 .text.sinf_approx
                0x800176e0      0x140 /opt/libdragon/lib/gcc/mips64-elf/13.2.0/../../../../mips64-elf/lib/libdragon.a(fmath.o)
 .text.fm_sinf  0x80017820       0x60 /opt/libdragon/lib/gcc/mips64-elf/13.2.0/../../../../mips64-elf/lib/libdragon.a(fmath.o)
                0x80017820                fm_sinf
 .text.fm_cosf  0x80017880       0x60 /opt/libdragon/lib/gcc/mips64-elf/13.2.0/../../../../mips64-elf/lib/libdragon.a(fmath.o)
                0x80017880                fm_cosf
 .text.fm_sincosf
                0x800178e0       0xc0 /opt/libdragon/lib/gcc/mips64-elf/13.2.0/../../../../mips64-elf/lib/libdragon.a(fmath.o)
                0x800178e0                fm_sincosf
 .text.__stderr_write
                0x800179a0       0x80 /opt/libdragon/lib/gcc/mips64-elf/13.2.0/../../../../mips64-elf/lib/libdragon.a(debug.o)
 .text.usblog_write
                0x80017a20       0x20 /opt/libdragon/lib/gcc/mips64-elf/13.2.0/../../../../mips64-elf/lib/libdragon.a(debug.o)
 .text.isviewer_write
                0x80017a40       0xe0 /opt/libdragon/lib/gcc/mips64-elf/13.2.0/../../../../mips64-elf/lib/libdragon.a(debug.o)
 .text.cb.0     0x80017b20       0xa0 /opt/libdragon/lib/gcc/mips64-elf/13.2.0/../../../../mips64-elf/lib/libdragon.a(debug.o)
 .text.debug_init_usblog
                0x80017bc0       0xe0 /opt/libdragon/lib/gcc/mips64-elf/13.2.0/../../../../mips64-elf/lib/libdragon.a(debug.o)
                0x80017bc0                debug_init_usblog
 .text.debug_init_isviewer
                0x80017ca0       0xe0 /opt/libdragon/lib/gcc/mips64-elf/13.2.0/../../../../mips64-elf/lib/libdragon.a(debug.o)
                0x80017ca0                debug_init_isviewer
 .text.debug_assert_func_f
                0x80017d80       0xe0 /opt/libdragon/lib/gcc/mips64-elf/13.2.0/../../../../mips64-elf/lib/libdragon.a(debug.o)
                0x80017d80                debug_assert_func_f
 .text.debug_assert_func
                0x80017e60       0x20 /opt/libdragon/lib/gcc/mips64-elf/13.2.0/../../../../mips64-elf/lib/libdragon.a(debug.o)
                0x80017e60                debug_assert_func
 .text.debug_hexdump
                0x80017e80      0x2a0 /opt/libdragon/lib/gcc/mips64-elf/13.2.0/../../../../mips64-elf/lib/libdragon.a(debug.o)
                0x80017e80                debug_hexdump
 .text.__debug_backtrace
                0x80018120      0x120 /opt/libdragon/lib/gcc/mips64-elf/13.2.0/../../../../mips64-elf/lib/libdragon.a(debug.o)
                0x80018120                __debug_backtrace
 .text.debug_backtrace
                0x80018240       0x20 /opt/libdragon/lib/gcc/mips64-elf/13.2.0/../../../../mips64-elf/lib/libdragon.a(debug.o)
                0x80018240                debug_backtrace
 .text.usb_64drive_read
                0x80018260       0x60 /opt/libdragon/lib/gcc/mips64-elf/13.2.0/../../../../mips64-elf/lib/libdragon.a(usb.o)
 .text.usb_64drive_poll
                0x800182c0      0x1a0 /opt/libdragon/lib/gcc/mips64-elf/13.2.0/../../../../mips64-elf/lib/libdragon.a(usb.o)
 .text.usb_everdrive_usbbusy
                0x80018460       0xe0 /opt/libdragon/lib/gcc/mips64-elf/13.2.0/../../../../mips64-elf/lib/libdragon.a(usb.o)
 .text.usb_everdrive_readusb
                0x80018540       0xc0 /opt/libdragon/lib/gcc/mips64-elf/13.2.0/../../../../mips64-elf/lib/libdragon.a(usb.o)
 .text.usb_everdrive_poll
                0x80018600      0x220 /opt/libdragon/lib/gcc/mips64-elf/13.2.0/../../../../mips64-elf/lib/libdragon.a(usb.o)
 .text.usb_everdrive_write
                0x80018820      0x200 /opt/libdragon/lib/gcc/mips64-elf/13.2.0/../../../../mips64-elf/lib/libdragon.a(usb.o)
 .text.usb_everdrive_read
                0x80018a20       0x60 /opt/libdragon/lib/gcc/mips64-elf/13.2.0/../../../../mips64-elf/lib/libdragon.a(usb.o)
 .text.usb_sc64_read
                0x80018a80       0x60 /opt/libdragon/lib/gcc/mips64-elf/13.2.0/../../../../mips64-elf/lib/libdragon.a(usb.o)
 .text.usb_sc64_poll
                0x80018ae0      0x160 /opt/libdragon/lib/gcc/mips64-elf/13.2.0/../../../../mips64-elf/lib/libdragon.a(usb.o)
 .text.usb_write
                0x80018c40       0x40 /opt/libdragon/lib/gcc/mips64-elf/13.2.0/../../../../mips64-elf/lib/libdragon.a(usb.o)
                0x80018c40                usb_write
 .text.usb_sendheartbeat
                0x80018c80       0x60 /opt/libdragon/lib/gcc/mips64-elf/13.2.0/../../../../mips64-elf/lib/libdragon.a(usb.o)
                0x80018c80                usb_sendheartbeat
 .text.usb_initialize
                0x80018ce0      0x1e0 /opt/libdragon/lib/gcc/mips64-elf/13.2.0/../../../../mips64-elf/lib/libdragon.a(usb.o)
                0x80018ce0                usb_initialize
 .text.usb_64drive_wait
                0x80018ec0       0xc0 /opt/libdragon/lib/gcc/mips64-elf/13.2.0/../../../../mips64-elf/lib/libdragon.a(usb.o)
                0x80018ec0                usb_64drive_wait
 .text.usb_64drive_write
                0x80018f80      0x240 /opt/libdragon/lib/gcc/mips64-elf/13.2.0/../../../../mips64-elf/lib/libdragon.a(usb.o)
 .text.usb_sc64_execute_cmd
                0x800191c0       0xc0 /opt/libdragon/lib/gcc/mips64-elf/13.2.0/../../../../mips64-elf/lib/libdragon.a(usb.o)
                0x800191c0                usb_sc64_execute_cmd
 .text.usb_sc64_write
                0x80019280      0x2c0 /opt/libdragon/lib/gcc/mips64-elf/13.2.0/../../../../mips64-elf/lib/libdragon.a(usb.o)
 .text.get_next_token
                0x80019540       0xc0 /opt/libdragon/lib/gcc/mips64-elf/13.2.0/../../../../mips64-elf/lib/libdragon.a(dragonfs.o)
 .text.__fstat  0x80019600       0x40 /opt/libdragon/lib/gcc/mips64-elf/13.2.0/../../../../mips64-elf/lib/libdragon.a(dragonfs.o)
 .text.lookup_file
                0x80019640      0x260 /opt/libdragon/lib/gcc/mips64-elf/13.2.0/../../../../mips64-elf/lib/libdragon.a(dragonfs.o)
 .text.__close  0x800198a0       0x40 /opt/libdragon/lib/gcc/mips64-elf/13.2.0/../../../../mips64-elf/lib/libdragon.a(dragonfs.o)
 .text.__ioctl  0x800198e0       0x60 /opt/libdragon/lib/gcc/mips64-elf/13.2.0/../../../../mips64-elf/lib/libdragon.a(dragonfs.o)
 .text.recurse_path
                0x80019940      0x400 /opt/libdragon/lib/gcc/mips64-elf/13.2.0/../../../../mips64-elf/lib/libdragon.a(dragonfs.o)
 .text.__findnext
                0x80019d40       0xe0 /opt/libdragon/lib/gcc/mips64-elf/13.2.0/../../../../mips64-elf/lib/libdragon.a(dragonfs.o)
 .text.__dfs_findfirst
                0x80019e20      0x100 /opt/libdragon/lib/gcc/mips64-elf/13.2.0/../../../../mips64-elf/lib/libdragon.a(dragonfs.o)
 .text.__findfirst
                0x80019f20       0x60 /opt/libdragon/lib/gcc/mips64-elf/13.2.0/../../../../mips64-elf/lib/libdragon.a(dragonfs.o)
 .text.__lseek  0x80019f80       0xa0 /opt/libdragon/lib/gcc/mips64-elf/13.2.0/../../../../mips64-elf/lib/libdragon.a(dragonfs.o)
 .text.dfs_open
                0x8001a020      0x1a0 /opt/libdragon/lib/gcc/mips64-elf/13.2.0/../../../../mips64-elf/lib/libdragon.a(dragonfs.o)
                0x8001a020                dfs_open
 .text.__open   0x8001a1c0      0x120 /opt/libdragon/lib/gcc/mips64-elf/13.2.0/../../../../mips64-elf/lib/libdragon.a(dragonfs.o)
 .text.dfs_read
                0x8001a2e0      0x1c0 /opt/libdragon/lib/gcc/mips64-elf/13.2.0/../../../../mips64-elf/lib/libdragon.a(dragonfs.o)
                0x8001a2e0                dfs_read
 .text.__read   0x8001a4a0       0x20 /opt/libdragon/lib/gcc/mips64-elf/13.2.0/../../../../mips64-elf/lib/libdragon.a(dragonfs.o)
 .text.dfs_init
                0x8001a4c0      0x220 /opt/libdragon/lib/gcc/mips64-elf/13.2.0/../../../../mips64-elf/lib/libdragon.a(dragonfs.o)
                0x8001a4c0                dfs_init
 .text.audio_callback.part.0
                0x8001a6e0      0x1e0 /opt/libdragon/lib/gcc/mips64-elf/13.2.0/../../../../mips64-elf/lib/libdragon.a(audio.o)
 .text.audio_callback
                0x8001a8c0       0x60 /opt/libdragon/lib/gcc/mips64-elf/13.2.0/../../../../mips64-elf/lib/libdragon.a(audio.o)
 .text.audio_init
                0x8001a920      0x200 /opt/libdragon/lib/gcc/mips64-elf/13.2.0/../../../../mips64-elf/lib/libdragon.a(audio.o)
                0x8001a920                audio_init
 .text.audio_write_begin
                0x8001ab20      0x100 /opt/libdragon/lib/gcc/mips64-elf/13.2.0/../../../../mips64-elf/lib/libdragon.a(audio.o)
                0x8001ab20                audio_write_begin
 .text.audio_write_end
                0x8001ac20       0x80 /opt/libdragon/lib/gcc/mips64-elf/13.2.0/../../../../mips64-elf/lib/libdragon.a(audio.o)
                0x8001ac20                audio_write_end
 .text.audio_can_write
                0x8001aca0       0x40 /opt/libdragon/lib/gcc/mips64-elf/13.2.0/../../../../mips64-elf/lib/libdragon.a(audio.o)
                0x8001aca0                audio_can_write
 .text.audio_get_frequency
                0x8001ace0       0x20 /opt/libdragon/lib/gcc/mips64-elf/13.2.0/../../../../mips64-elf/lib/libdragon.a(audio.o)
                0x8001ace0                audio_get_frequency
 .text.audio_get_buffer_length
                0x8001ad00       0x20 /opt/libdragon/lib/gcc/mips64-elf/13.2.0/../../../../mips64-elf/lib/libdragon.a(audio.o)
                0x8001ad00                audio_get_buffer_length
 .text.display_show.part.0
                0x8001ad20      0x140 /opt/libdragon/lib/gcc/mips64-elf/13.2.0/../../../../mips64-elf/lib/libdragon.a(display.o)
 .text.__display_callback
                0x8001ae60      0x3c0 /opt/libdragon/lib/gcc/mips64-elf/13.2.0/../../../../mips64-elf/lib/libdragon.a(display.o)
 .text.display_init
                0x8001b220      0x940 /opt/libdragon/lib/gcc/mips64-elf/13.2.0/../../../../mips64-elf/lib/libdragon.a(display.o)
                0x8001b220                display_init
 .text.display_close
                0x8001bb60      0x140 /opt/libdragon/lib/gcc/mips64-elf/13.2.0/../../../../mips64-elf/lib/libdragon.a(display.o)
                0x8001bb60                display_close
 .text.display_try_get
                0x8001bca0       0xc0 /opt/libdragon/lib/gcc/mips64-elf/13.2.0/../../../../mips64-elf/lib/libdragon.a(display.o)
                0x8001bca0                display_try_get
 .text.display_get
                0x8001bd60      0x100 /opt/libdragon/lib/gcc/mips64-elf/13.2.0/../../../../mips64-elf/lib/libdragon.a(display.o)
                0x8001bd60                display_get
 .text.display_get_zbuf
                0x8001be60      0x140 /opt/libdragon/lib/gcc/mips64-elf/13.2.0/../../../../mips64-elf/lib/libdragon.a(display.o)
                0x8001be60                display_get_zbuf
 .text.display_show
                0x8001bfa0       0x20 /opt/libdragon/lib/gcc/mips64-elf/13.2.0/../../../../mips64-elf/lib/libdragon.a(display.o)
                0x8001bfa0                display_show
 .text.display_show_force
                0x8001bfc0       0x40 /opt/libdragon/lib/gcc/mips64-elf/13.2.0/../../../../mips64-elf/lib/libdragon.a(display.o)
                0x8001bfc0                display_show_force
 .text.display_get_width
                0x8001c000       0x20 /opt/libdragon/lib/gcc/mips64-elf/13.2.0/../../../../mips64-elf/lib/libdragon.a(display.o)
                0x8001c000                display_get_width
 .text.display_get_height
                0x8001c020       0x20 /opt/libdragon/lib/gcc/mips64-elf/13.2.0/../../../../mips64-elf/lib/libdragon.a(display.o)
                0x8001c020                display_get_height
 .text.display_get_bitdepth
                0x8001c040       0x20 /opt/libdragon/lib/gcc/mips64-elf/13.2.0/../../../../mips64-elf/lib/libdragon.a(display.o)
                0x8001c040                display_get_bitdepth
 .text.display_get_delta_time
                0x8001c060       0x20 /opt/libdragon/lib/gcc/mips64-elf/13.2.0/../../../../mips64-elf/lib/libdragon.a(display.o)
                0x8001c060                display_get_delta_time
 .text.tex_format_name
                0x8001c080       0x40 /opt/libdragon/lib/gcc/mips64-elf/13.2.0/../../../../mips64-elf/lib/libdragon.a(surface.o)
                0x8001c080                tex_format_name
 .text.surface_alloc
                0x8001c0c0       0xe0 /opt/libdragon/lib/gcc/mips64-elf/13.2.0/../../../../mips64-elf/lib/libdragon.a(surface.o)
                0x8001c0c0                surface_alloc
 .text.surface_free
                0x8001c1a0       0x80 /opt/libdragon/lib/gcc/mips64-elf/13.2.0/../../../../mips64-elf/lib/libdragon.a(surface.o)
                0x8001c1a0                surface_free
 .text.seekfn_cmp
                0x8001c220       0xa0 /opt/libdragon/lib/gcc/mips64-elf/13.2.0/../../../../mips64-elf/lib/libdragon.a(asset.o)
 .text.closefn_none
                0x8001c2c0       0x40 /opt/libdragon/lib/gcc/mips64-elf/13.2.0/../../../../mips64-elf/lib/libdragon.a(asset.o)
 .text.closefn_cmp
                0x8001c300       0x40 /opt/libdragon/lib/gcc/mips64-elf/13.2.0/../../../../mips64-elf/lib/libdragon.a(asset.o)
 .text.readfn_cmp
                0x8001c340       0x80 /opt/libdragon/lib/gcc/mips64-elf/13.2.0/../../../../mips64-elf/lib/libdragon.a(asset.o)
 .text.seekfn_none
                0x8001c3c0       0x80 /opt/libdragon/lib/gcc/mips64-elf/13.2.0/../../../../mips64-elf/lib/libdragon.a(asset.o)
 .text.readfn_none
                0x8001c440       0x60 /opt/libdragon/lib/gcc/mips64-elf/13.2.0/../../../../mips64-elf/lib/libdragon.a(asset.o)
 .text.must_open.part.0
                0x8001c4a0      0x100 /opt/libdragon/lib/gcc/mips64-elf/13.2.0/../../../../mips64-elf/lib/libdragon.a(asset.o)
 .text.asset_read
                0x8001c5a0      0x420 /opt/libdragon/lib/gcc/mips64-elf/13.2.0/../../../../mips64-elf/lib/libdragon.a(asset.o)
 .text.asset_read_header
                0x8001c9c0      0x1e0 /opt/libdragon/lib/gcc/mips64-elf/13.2.0/../../../../mips64-elf/lib/libdragon.a(asset.o)
 .text.must_open
                0x8001cba0       0x40 /opt/libdragon/lib/gcc/mips64-elf/13.2.0/../../../../mips64-elf/lib/libdragon.a(asset.o)
                0x8001cba0                must_open
 .text.asset_load
                0x8001cbe0      0x140 /opt/libdragon/lib/gcc/mips64-elf/13.2.0/../../../../mips64-elf/lib/libdragon.a(asset.o)
                0x8001cbe0                asset_load
 .text.asset_fopen
                0x8001cd20      0x2e0 /opt/libdragon/lib/gcc/mips64-elf/13.2.0/../../../../mips64-elf/lib/libdragon.a(asset.o)
                0x8001cd20                asset_fopen
 .text.decompress_lz4_full_inplace
                0x8001d000       0x20 /opt/libdragon/lib/gcc/mips64-elf/13.2.0/../../../../mips64-elf/lib/libdragon.a(lz4_dec.o)
                0x8001d000                decompress_lz4_full_inplace
 .text.decompress_lz4_init
                0x8001d020       0x60 /opt/libdragon/lib/gcc/mips64-elf/13.2.0/../../../../mips64-elf/lib/libdragon.a(lz4_dec.o)
                0x8001d020                decompress_lz4_init
 .text.decompress_lz4_reset
                0x8001d080       0x40 /opt/libdragon/lib/gcc/mips64-elf/13.2.0/../../../../mips64-elf/lib/libdragon.a(lz4_dec.o)
                0x8001d080                decompress_lz4_reset
 .text.decompress_lz4_read
                0x8001d0c0      0x400 /opt/libdragon/lib/gcc/mips64-elf/13.2.0/../../../../mips64-elf/lib/libdragon.a(lz4_dec.o)
                0x8001d0c0                decompress_lz4_read
 .text.decompress_lz4_full_fast
                0x8001d4c0      0x1c0 /opt/libdragon/lib/gcc/mips64-elf/13.2.0/../../../../mips64-elf/lib/libdragon.a(lz4_dec_fast.o)
                0x8001d4c0                decompress_lz4_full_fast
 .text.__ringbuf_init
                0x8001d680       0x80 /opt/libdragon/lib/gcc/mips64-elf/13.2.0/../../../../mips64-elf/lib/libdragon.a(ringbuf.o)
                0x8001d680                __ringbuf_init
 .text.__ringbuf_write
                0x8001d700       0xc0 /opt/libdragon/lib/gcc/mips64-elf/13.2.0/../../../../mips64-elf/lib/libdragon.a(ringbuf.o)
                0x8001d700                __ringbuf_write
 .text.__ringbuf_copy
                0x8001d7c0      0x1a0 /opt/libdragon/lib/gcc/mips64-elf/13.2.0/../../../../mips64-elf/lib/libdragon.a(ringbuf.o)
                0x8001d7c0                __ringbuf_copy
 .text.joypad_gcn_origin_callback
                0x8001d960       0xe0 /opt/libdragon/lib/gcc/mips64-elf/13.2.0/../../../../mips64-elf/lib/libdragon.a(joypad.o)
 .text.joypad_read_callback
                0x8001da40       0x80 /opt/libdragon/lib/gcc/mips64-elf/13.2.0/../../../../mips64-elf/lib/libdragon.a(joypad.o)
 .text.joypad_device_changed
                0x8001dac0      0x120 /opt/libdragon/lib/gcc/mips64-elf/13.2.0/../../../../mips64-elf/lib/libdragon.a(joypad.o)
 .text.joypad_identify_callback
                0x8001dbe0      0x280 /opt/libdragon/lib/gcc/mips64-elf/13.2.0/../../../../mips64-elf/lib/libdragon.a(joypad.o)
 .text.joypad_read_async.part.0
                0x8001de60      0x240 /opt/libdragon/lib/gcc/mips64-elf/13.2.0/../../../../mips64-elf/lib/libdragon.a(joypad.o)
 .text.joypad_identify_async.part.0
                0x8001e0a0      0x140 /opt/libdragon/lib/gcc/mips64-elf/13.2.0/../../../../mips64-elf/lib/libdragon.a(joypad.o)
 .text.joypad_vi_interrupt_callback
                0x8001e1e0       0x80 /opt/libdragon/lib/gcc/mips64-elf/13.2.0/../../../../mips64-elf/lib/libdragon.a(joypad.o)
 .text.joypad_read_n64_inputs
                0x8001e260      0x280 /opt/libdragon/lib/gcc/mips64-elf/13.2.0/../../../../mips64-elf/lib/libdragon.a(joypad.o)
                0x8001e260                joypad_read_n64_inputs
 .text.joypad_poll
                0x8001e4e0      0x600 /opt/libdragon/lib/gcc/mips64-elf/13.2.0/../../../../mips64-elf/lib/libdragon.a(joypad.o)
                0x8001e4e0                joypad_poll
 .text.joypad_init
                0x8001eae0      0x160 /opt/libdragon/lib/gcc/mips64-elf/13.2.0/../../../../mips64-elf/lib/libdragon.a(joypad.o)
                0x8001eae0                joypad_init
 .text.joypad_get_inputs
                0x8001ec40       0xa0 /opt/libdragon/lib/gcc/mips64-elf/13.2.0/../../../../mips64-elf/lib/libdragon.a(joypad.o)
                0x8001ec40                joypad_get_inputs
 .text.joypad_transfer_pak_wait_timer_callback
                0x8001ece0       0xe0 /opt/libdragon/lib/gcc/mips64-elf/13.2.0/../../../../mips64-elf/lib/libdragon.a(joypad_accessory.o)
 .text.joypad_accessory_check_read_crc_error
                0x8001edc0      0x180 /opt/libdragon/lib/gcc/mips64-elf/13.2.0/../../../../mips64-elf/lib/libdragon.a(joypad_accessory.o)
 .text.joypad_transfer_pak_enable_read_callback
                0x8001ef40       0xc0 /opt/libdragon/lib/gcc/mips64-elf/13.2.0/../../../../mips64-elf/lib/libdragon.a(joypad_accessory.o)
 .text.joypad_accessory_write_crc_error_check
                0x8001f000      0x1a0 /opt/libdragon/lib/gcc/mips64-elf/13.2.0/../../../../mips64-elf/lib/libdragon.a(joypad_accessory.o)
 .text.joypad_accessory_detect_write_callback
                0x8001f1a0      0x2a0 /opt/libdragon/lib/gcc/mips64-elf/13.2.0/../../../../mips64-elf/lib/libdragon.a(joypad_accessory.o)
 .text.joypad_transfer_pak_enable_write_callback
                0x8001f440      0x180 /opt/libdragon/lib/gcc/mips64-elf/13.2.0/../../../../mips64-elf/lib/libdragon.a(joypad_accessory.o)
 .text.joypad_accessory_detect_read_callback
                0x8001f5c0      0x340 /opt/libdragon/lib/gcc/mips64-elf/13.2.0/../../../../mips64-elf/lib/libdragon.a(joypad_accessory.o)
 .text.joypad_transfer_pak_wait_timer_init
                0x8001f900       0xe0 /opt/libdragon/lib/gcc/mips64-elf/13.2.0/../../../../mips64-elf/lib/libdragon.a(joypad_accessory.o)
                0x8001f900                joypad_transfer_pak_wait_timer_init
 .text.joypad_accessory_detect_async
                0x8001f9e0      0x120 /opt/libdragon/lib/gcc/mips64-elf/13.2.0/../../../../mips64-elf/lib/libdragon.a(joypad_accessory.o)
                0x8001f9e0                joypad_accessory_detect_async
 .text.rsp_load_code
                0x8001fb00      0x100 /opt/libdragon/lib/gcc/mips64-elf/13.2.0/../../../../mips64-elf/lib/libdragon.a(rsp.o)
                0x8001fb00                rsp_load_code
 .text.rsp_load_data
                0x8001fc00       0xe0 /opt/libdragon/lib/gcc/mips64-elf/13.2.0/../../../../mips64-elf/lib/libdragon.a(rsp.o)
                0x8001fc00                rsp_load_data
 .text.rsp_load
                0x8001fce0       0x60 /opt/libdragon/lib/gcc/mips64-elf/13.2.0/../../../../mips64-elf/lib/libdragon.a(rsp.o)
                0x8001fce0                rsp_load
 .text.rsp_read_code
                0x8001fd40       0xe0 /opt/libdragon/lib/gcc/mips64-elf/13.2.0/../../../../mips64-elf/lib/libdragon.a(rsp.o)
                0x8001fd40                rsp_read_code
 .text.rsp_read_data
                0x8001fe20       0xe0 /opt/libdragon/lib/gcc/mips64-elf/13.2.0/../../../../mips64-elf/lib/libdragon.a(rsp.o)
                0x8001fe20                rsp_read_data
 .text.__rsp_run_async
                0x8001ff00       0x40 /opt/libdragon/lib/gcc/mips64-elf/13.2.0/../../../../mips64-elf/lib/libdragon.a(rsp.o)
                0x8001ff00                __rsp_run_async
 .text.__rsp_crash
                0x8001ff40      0xc40 /opt/libdragon/lib/gcc/mips64-elf/13.2.0/../../../../mips64-elf/lib/libdragon.a(rsp.o)
                0x8001ff40                __rsp_crash
 .text.__rsp_check_assert
                0x80020b80       0x80 /opt/libdragon/lib/gcc/mips64-elf/13.2.0/../../../../mips64-elf/lib/libdragon.a(rsp.o)
                0x80020b80                __rsp_check_assert
 .text.rsp_wait
                0x80020c00      0x100 /opt/libdragon/lib/gcc/mips64-elf/13.2.0/../../../../mips64-elf/lib/libdragon.a(rsp.o)
                0x80020c00                rsp_wait
 .text.rsp_run  0x80020d00       0x60 /opt/libdragon/lib/gcc/mips64-elf/13.2.0/../../../../mips64-elf/lib/libdragon.a(rsp.o)
                0x80020d00                rsp_run
 .text.cb.2     0x80020d60       0x60 /opt/libdragon/lib/gcc/mips64-elf/13.2.0/../../../../mips64-elf/lib/libdragon.a(inspector.o)
 .text.cb.1     0x80020dc0       0x60 /opt/libdragon/lib/gcc/mips64-elf/13.2.0/../../../../mips64-elf/lib/libdragon.a(inspector.o)
 .text.inspector_print_backtrace
                0x80020e20      0x180 /opt/libdragon/lib/gcc/mips64-elf/13.2.0/../../../../mips64-elf/lib/libdragon.a(inspector.o)
 .text.cb.0     0x80020fa0      0x120 /opt/libdragon/lib/gcc/mips64-elf/13.2.0/../../../../mips64-elf/lib/libdragon.a(inspector.o)
 .text.cb.3     0x800210c0      0x120 /opt/libdragon/lib/gcc/mips64-elf/13.2.0/../../../../mips64-elf/lib/libdragon.a(inspector.o)
 .text.inspector_stdout
                0x800211e0      0x320 /opt/libdragon/lib/gcc/mips64-elf/13.2.0/../../../../mips64-elf/lib/libdragon.a(inspector.o)
 .text.title    0x80021500       0xa0 /opt/libdragon/lib/gcc/mips64-elf/13.2.0/../../../../mips64-elf/lib/libdragon.a(inspector.o)
 .text.mips_disasm
                0x800215a0      0x700 /opt/libdragon/lib/gcc/mips64-elf/13.2.0/../../../../mips64-elf/lib/libdragon.a(inspector.o)
 .text.inspector
                0x80021ca0     0x10a0 /opt/libdragon/lib/gcc/mips64-elf/13.2.0/../../../../mips64-elf/lib/libdragon.a(inspector.o)
 .text.handler.4
                0x80022d40       0x40 /opt/libdragon/lib/gcc/mips64-elf/13.2.0/../../../../mips64-elf/lib/libdragon.a(inspector.o)
 .text.__inspector_exception
                0x80022d80       0x20 /opt/libdragon/lib/gcc/mips64-elf/13.2.0/../../../../mips64-elf/lib/libdragon.a(inspector.o)
                0x80022d80                __inspector_exception
 .text.__inspector_assertion
                0x80022da0       0x20 /opt/libdragon/lib/gcc/mips64-elf/13.2.0/../../../../mips64-elf/lib/libdragon.a(inspector.o)
                0x80022da0                __inspector_assertion
 .text.startup.__inspector_init
                0x80022dc0       0x20 /opt/libdragon/lib/gcc/mips64-elf/13.2.0/../../../../mips64-elf/lib/libdragon.a(inspector.o)
                0x80022dc0                __inspector_init
 .text.__sprite_upgrade.part.0
                0x80022de0       0x40 /opt/libdragon/lib/gcc/mips64-elf/13.2.0/../../../../mips64-elf/lib/libdragon.a(sprite.o)
 .text.sprite_load_buf.part.0
                0x80022e20       0x40 /opt/libdragon/lib/gcc/mips64-elf/13.2.0/../../../../mips64-elf/lib/libdragon.a(sprite.o)
 .text.__sprite_ext
                0x80022e60       0xa0 /opt/libdragon/lib/gcc/mips64-elf/13.2.0/../../../../mips64-elf/lib/libdragon.a(sprite.o)
                0x80022e60                __sprite_ext
 .text.sprite_load
                0x80022f00       0xe0 /opt/libdragon/lib/gcc/mips64-elf/13.2.0/../../../../mips64-elf/lib/libdragon.a(sprite.o)
                0x80022f00                sprite_load
 .text.sprite_get_pixels
                0x80022fe0       0x60 /opt/libdragon/lib/gcc/mips64-elf/13.2.0/../../../../mips64-elf/lib/libdragon.a(sprite.o)
                0x80022fe0                sprite_get_pixels
 .text.sprite_get_lod_pixels
                0x80023040      0x160 /opt/libdragon/lib/gcc/mips64-elf/13.2.0/../../../../mips64-elf/lib/libdragon.a(sprite.o)
                0x80023040                sprite_get_lod_pixels
 .text.sprite_get_detail_texparms
                0x800231a0       0xa0 /opt/libdragon/lib/gcc/mips64-elf/13.2.0/../../../../mips64-elf/lib/libdragon.a(sprite.o)
                0x800231a0                sprite_get_detail_texparms
 .text.sprite_get_detail_pixels
                0x80023240      0x160 /opt/libdragon/lib/gcc/mips64-elf/13.2.0/../../../../mips64-elf/lib/libdragon.a(sprite.o)
                0x80023240                sprite_get_detail_pixels
 .text.sprite_get_palette
                0x800233a0       0x60 /opt/libdragon/lib/gcc/mips64-elf/13.2.0/../../../../mips64-elf/lib/libdragon.a(sprite.o)
                0x800233a0                sprite_get_palette
 .text.sprite_get_texparms
                0x80023400       0xc0 /opt/libdragon/lib/gcc/mips64-elf/13.2.0/../../../../mips64-elf/lib/libdragon.a(sprite.o)
                0x80023400                sprite_get_texparms
 .text.sprite_fits_tmem
                0x800234c0       0x40 /opt/libdragon/lib/gcc/mips64-elf/13.2.0/../../../../mips64-elf/lib/libdragon.a(sprite.o)
                0x800234c0                sprite_fits_tmem
 .text.sprite_is_shq
                0x80023500       0x40 /opt/libdragon/lib/gcc/mips64-elf/13.2.0/../../../../mips64-elf/lib/libdragon.a(sprite.o)
                0x80023500                sprite_is_shq
 .text.dma_write_raw_async.part.0
                0x80023540       0x40 /opt/libdragon/lib/gcc/mips64-elf/13.2.0/../../../../mips64-elf/lib/libdragon.a(dma.o)
 .text.dma_read_raw_async
                0x80023580       0xa0 /opt/libdragon/lib/gcc/mips64-elf/13.2.0/../../../../mips64-elf/lib/libdragon.a(dma.o)
                0x80023580                dma_read_raw_async
 .text.dma_read_async
                0x80023620      0x4c0 /opt/libdragon/lib/gcc/mips64-elf/13.2.0/../../../../mips64-elf/lib/libdragon.a(dma.o)
                0x80023620                dma_read_async
 .text.dma_read
                0x80023ae0       0x40 /opt/libdragon/lib/gcc/mips64-elf/13.2.0/../../../../mips64-elf/lib/libdragon.a(dma.o)
                0x80023ae0                dma_read
 .text.dma_write
                0x80023b20       0xa0 /opt/libdragon/lib/gcc/mips64-elf/13.2.0/../../../../mips64-elf/lib/libdragon.a(dma.o)
                0x80023b20                dma_write
 .text.io_read  0x80023bc0       0x60 /opt/libdragon/lib/gcc/mips64-elf/13.2.0/../../../../mips64-elf/lib/libdragon.a(dma.o)
                0x80023bc0                io_read
 .text.io_write
                0x80023c20       0x60 /opt/libdragon/lib/gcc/mips64-elf/13.2.0/../../../../mips64-elf/lib/libdragon.a(dma.o)
                0x80023c20                io_write
 .text.timer_update_compare
                0x80023c80       0x40 /opt/libdragon/lib/gcc/mips64-elf/13.2.0/../../../../mips64-elf/lib/libdragon.a(timer.o)
 .text.timer_poll
                0x80023cc0      0x1c0 /opt/libdragon/lib/gcc/mips64-elf/13.2.0/../../../../mips64-elf/lib/libdragon.a(timer.o)
 .text.timer_init
                0x80023e80       0x60 /opt/libdragon/lib/gcc/mips64-elf/13.2.0/../../../../mips64-elf/lib/libdragon.a(timer.o)
                0x80023e80                timer_init
 .text.new_timer_context
                0x80023ee0      0x100 /opt/libdragon/lib/gcc/mips64-elf/13.2.0/../../../../mips64-elf/lib/libdragon.a(timer.o)
                0x80023ee0                new_timer_context
 .text.restart_timer
                0x80023fe0       0x80 /opt/libdragon/lib/gcc/mips64-elf/13.2.0/../../../../mips64-elf/lib/libdragon.a(timer.o)
                0x80023fe0                restart_timer
 .text.stop_timer
                0x80024060      0x100 /opt/libdragon/lib/gcc/mips64-elf/13.2.0/../../../../mips64-elf/lib/libdragon.a(timer.o)
                0x80024060                stop_timer
 .text.cb.0     0x80024160       0x40 /opt/libdragon/lib/gcc/mips64-elf/13.2.0/../../../../mips64-elf/lib/libdragon.a(exception.o)
 .text.cb.1     0x800241a0       0x80 /opt/libdragon/lib/gcc/mips64-elf/13.2.0/../../../../mips64-elf/lib/libdragon.a(exception.o)
 .text.is_unmapped_kx64
                0x80024220      0x1e0 /opt/libdragon/lib/gcc/mips64-elf/13.2.0/../../../../mips64-elf/lib/libdragon.a(exception.o)
 .text.__get_exception_name.isra.0
                0x80024400      0x580 /opt/libdragon/lib/gcc/mips64-elf/13.2.0/../../../../mips64-elf/lib/libdragon.a(exception.o)
 .text.__exception_dump_header
                0x80024980      0x340 /opt/libdragon/lib/gcc/mips64-elf/13.2.0/../../../../mips64-elf/lib/libdragon.a(exception.o)
                0x80024980                __exception_dump_header
 .text.__exception_dump_gpr
                0x80024cc0      0x180 /opt/libdragon/lib/gcc/mips64-elf/13.2.0/../../../../mips64-elf/lib/libdragon.a(exception.o)
                0x80024cc0                __exception_dump_gpr
 .text.__exception_dump_fpr
                0x80024e40      0x2e0 /opt/libdragon/lib/gcc/mips64-elf/13.2.0/../../../../mips64-elf/lib/libdragon.a(exception.o)
                0x80024e40                __exception_dump_fpr
 .text.exception_default_handler
                0x80025120      0x1a0 /opt/libdragon/lib/gcc/mips64-elf/13.2.0/../../../../mips64-elf/lib/libdragon.a(exception.o)
                0x80025120                exception_default_handler
 .text.__onCriticalException
                0x800252c0       0x80 /opt/libdragon/lib/gcc/mips64-elf/13.2.0/../../../../mips64-elf/lib/libdragon.a(exception.o)
                0x800252c0                __onCriticalException
 .text.register_syscall_handler
                0x80025340      0x1a0 /opt/libdragon/lib/gcc/mips64-elf/13.2.0/../../../../mips64-elf/lib/libdragon.a(exception.o)
                0x80025340                register_syscall_handler
 .text.__onSyscallException
                0x800254e0      0x1a0 /opt/libdragon/lib/gcc/mips64-elf/13.2.0/../../../../mips64-elf/lib/libdragon.a(exception.o)
                0x800254e0                __onSyscallException
 .text.__register_frame_info
                0x80025680       0x20 /opt/libdragon/lib/gcc/mips64-elf/13.2.0/../../../../mips64-elf/lib/libdragon.a(do_ctors.o)
                0x80025680                __register_frame_info
 .text.__wrap___do_global_ctors
                0x800256a0       0xe0 /opt/libdragon/lib/gcc/mips64-elf/13.2.0/../../../../mips64-elf/lib/libdragon.a(do_ctors.o)
                0x800256a0                __wrap___do_global_ctors
 .text.rspq_switch_context
                0x80025780       0x60 /opt/libdragon/lib/gcc/mips64-elf/13.2.0/../../../../mips64-elf/lib/libdragon.a(rspq.o)
 .text.rspq_flush_internal
                0x800257e0       0x40 /opt/libdragon/lib/gcc/mips64-elf/13.2.0/../../../../mips64-elf/lib/libdragon.a(rspq.o)
 .text.rspq_sp_interrupt
                0x80025820       0xc0 /opt/libdragon/lib/gcc/mips64-elf/13.2.0/../../../../mips64-elf/lib/libdragon.a(rspq.o)
 .text.rspq_init_context
                0x800258e0       0xa0 /opt/libdragon/lib/gcc/mips64-elf/13.2.0/../../../../mips64-elf/lib/libdragon.a(rspq.o)
 .text.rspq_switch_buffer.part.0
                0x80025980       0x40 /opt/libdragon/lib/gcc/mips64-elf/13.2.0/../../../../mips64-elf/lib/libdragon.a(rspq.o)
 .text.rspq_crash_handler
                0x800259c0      0x320 /opt/libdragon/lib/gcc/mips64-elf/13.2.0/../../../../mips64-elf/lib/libdragon.a(rspq.o)
 .text.rspq_assert_handler
                0x80025ce0      0x100 /opt/libdragon/lib/gcc/mips64-elf/13.2.0/../../../../mips64-elf/lib/libdragon.a(rspq.o)
 .text.rspq_init
                0x80025de0      0x3c0 /opt/libdragon/lib/gcc/mips64-elf/13.2.0/../../../../mips64-elf/lib/libdragon.a(rspq.o)
                0x80025de0                rspq_init
 .text.rspq_flush
                0x800261a0       0x40 /opt/libdragon/lib/gcc/mips64-elf/13.2.0/../../../../mips64-elf/lib/libdragon.a(rspq.o)
                0x800261a0                rspq_flush
 .text.rspq_highpri_begin
                0x800261e0      0x120 /opt/libdragon/lib/gcc/mips64-elf/13.2.0/../../../../mips64-elf/lib/libdragon.a(rspq.o)
                0x800261e0                rspq_highpri_begin
 .text.rspq_highpri_end
                0x80026300       0xa0 /opt/libdragon/lib/gcc/mips64-elf/13.2.0/../../../../mips64-elf/lib/libdragon.a(rspq.o)
                0x80026300                rspq_highpri_end
 .text.rspq_block_begin
                0x800263a0      0x100 /opt/libdragon/lib/gcc/mips64-elf/13.2.0/../../../../mips64-elf/lib/libdragon.a(rspq.o)
                0x800263a0                rspq_block_begin
 .text.rspq_block_end
                0x800264a0       0xa0 /opt/libdragon/lib/gcc/mips64-elf/13.2.0/../../../../mips64-elf/lib/libdragon.a(rspq.o)
                0x800264a0                rspq_block_end
 .text.__rspq_deferred_poll
                0x80026540       0xe0 /opt/libdragon/lib/gcc/mips64-elf/13.2.0/../../../../mips64-elf/lib/libdragon.a(rspq.o)
                0x80026540                __rspq_deferred_poll
 .text.rspq_next_buffer
                0x80026620      0x2e0 /opt/libdragon/lib/gcc/mips64-elf/13.2.0/../../../../mips64-elf/lib/libdragon.a(rspq.o)
                0x80026620                rspq_next_buffer
 .text.rspq_block_run
                0x80026900      0x100 /opt/libdragon/lib/gcc/mips64-elf/13.2.0/../../../../mips64-elf/lib/libdragon.a(rspq.o)
                0x80026900                rspq_block_run
 .text.rspq_syncpoint_new
                0x80026a00       0xe0 /opt/libdragon/lib/gcc/mips64-elf/13.2.0/../../../../mips64-elf/lib/libdragon.a(rspq.o)
                0x80026a00                rspq_syncpoint_new
 .text.rspq_overlay_register_internal
                0x80026ae0      0x520 /opt/libdragon/lib/gcc/mips64-elf/13.2.0/../../../../mips64-elf/lib/libdragon.a(rspq.o)
 .text.rspq_overlay_register
                0x80027000       0x20 /opt/libdragon/lib/gcc/mips64-elf/13.2.0/../../../../mips64-elf/lib/libdragon.a(rspq.o)
                0x80027000                rspq_overlay_register
 .text.rspq_overlay_register_static
                0x80027020       0x60 /opt/libdragon/lib/gcc/mips64-elf/13.2.0/../../../../mips64-elf/lib/libdragon.a(rspq.o)
                0x80027020                rspq_overlay_register_static
 .text.rspq_highpri_sync
                0x80027080      0x160 /opt/libdragon/lib/gcc/mips64-elf/13.2.0/../../../../mips64-elf/lib/libdragon.a(rspq.o)
                0x80027080                rspq_highpri_sync
 .text.rspq_syncpoint_wait
                0x800271e0      0x160 /opt/libdragon/lib/gcc/mips64-elf/13.2.0/../../../../mips64-elf/lib/libdragon.a(rspq.o)
                0x800271e0                rspq_syncpoint_wait
 .text.rspq_wait
                0x80027340      0x240 /opt/libdragon/lib/gcc/mips64-elf/13.2.0/../../../../mips64-elf/lib/libdragon.a(rspq.o)
                0x80027340                rspq_wait
 .text.rspq_overlay_get_state
                0x80027580      0x160 /opt/libdragon/lib/gcc/mips64-elf/13.2.0/../../../../mips64-elf/lib/libdragon.a(rspq.o)
                0x80027580                rspq_overlay_get_state
 .text.__rdpq_interrupt
                0x800276e0       0xc0 /opt/libdragon/lib/gcc/mips64-elf/13.2.0/../../../../mips64-elf/lib/libdragon.a(rdpq.o)
 .text.rdpq_assert_handler
                0x800277a0       0xc0 /opt/libdragon/lib/gcc/mips64-elf/13.2.0/../../../../mips64-elf/lib/libdragon.a(rdpq.o)
 .text.rdpq_set_tile
                0x80027860      0x260 /opt/libdragon/lib/gcc/mips64-elf/13.2.0/../../../../mips64-elf/lib/libdragon.a(rdpq.o)
                0x80027860                rdpq_set_tile
 .text.rdpq_config_set
                0x80027ac0       0x20 /opt/libdragon/lib/gcc/mips64-elf/13.2.0/../../../../mips64-elf/lib/libdragon.a(rdpq.o)
                0x80027ac0                rdpq_config_set
 .text.rdpq_config_disable
                0x80027ae0       0x20 /opt/libdragon/lib/gcc/mips64-elf/13.2.0/../../../../mips64-elf/lib/libdragon.a(rdpq.o)
                0x80027ae0                rdpq_config_disable
 .text.__rdpq_block_begin
                0x80027b00       0x40 /opt/libdragon/lib/gcc/mips64-elf/13.2.0/../../../../mips64-elf/lib/libdragon.a(rdpq.o)
                0x80027b00                __rdpq_block_begin
 .text.__rdpq_block_next_buffer
                0x80027b40      0x1e0 /opt/libdragon/lib/gcc/mips64-elf/13.2.0/../../../../mips64-elf/lib/libdragon.a(rdpq.o)
                0x80027b40                __rdpq_block_next_buffer
 .text.rdpq_fence
                0x80027d20      0x120 /opt/libdragon/lib/gcc/mips64-elf/13.2.0/../../../../mips64-elf/lib/libdragon.a(rdpq.o)
                0x80027d20                rdpq_fence
 .text.__rdpq_block_end
                0x80027e40       0x40 /opt/libdragon/lib/gcc/mips64-elf/13.2.0/../../../../mips64-elf/lib/libdragon.a(rdpq.o)
                0x80027e40                __rdpq_block_end
 .text.__rdpq_block_run
                0x80027e80       0xa0 /opt/libdragon/lib/gcc/mips64-elf/13.2.0/../../../../mips64-elf/lib/libdragon.a(rdpq.o)
                0x80027e80                __rdpq_block_run
 .text.__rdpq_block_reserve
                0x80027f20      0x120 /opt/libdragon/lib/gcc/mips64-elf/13.2.0/../../../../mips64-elf/lib/libdragon.a(rdpq.o)
                0x80027f20                __rdpq_block_reserve
 .text.__rdpq_block_update
                0x80028040      0x120 /opt/libdragon/lib/gcc/mips64-elf/13.2.0/../../../../mips64-elf/lib/libdragon.a(rdpq.o)
                0x80028040                __rdpq_block_update
 .text.__rdpq_write8
                0x80028160       0xe0 /opt/libdragon/lib/gcc/mips64-elf/13.2.0/../../../../mips64-elf/lib/libdragon.a(rdpq.o)
                0x80028160                __rdpq_write8
 .text.__rdpq_autosync_change
                0x80028240      0x140 /opt/libdragon/lib/gcc/mips64-elf/13.2.0/../../../../mips64-elf/lib/libdragon.a(rdpq.o)
                0x80028240                __rdpq_autosync_change
 .text.__rdpq_write8_syncchange
                0x80028380       0x60 /opt/libdragon/lib/gcc/mips64-elf/13.2.0/../../../../mips64-elf/lib/libdragon.a(rdpq.o)
                0x80028380                __rdpq_write8_syncchange
 .text.rdpq_set_blend_color
                0x800283e0       0x20 /opt/libdragon/lib/gcc/mips64-elf/13.2.0/../../../../mips64-elf/lib/libdragon.a(rdpq.o)
                0x800283e0                rdpq_set_blend_color
 .text.rdpq_set_env_color
                0x80028400       0x20 /opt/libdragon/lib/gcc/mips64-elf/13.2.0/../../../../mips64-elf/lib/libdragon.a(rdpq.o)
                0x80028400                rdpq_set_env_color
 .text.__rdpq_fixup_write8_syncchange
                0x80028420      0x100 /opt/libdragon/lib/gcc/mips64-elf/13.2.0/../../../../mips64-elf/lib/libdragon.a(rdpq.o)
                0x80028420                __rdpq_fixup_write8_syncchange
 .text.rdpq_set_prim_color
                0x80028520       0x20 /opt/libdragon/lib/gcc/mips64-elf/13.2.0/../../../../mips64-elf/lib/libdragon.a(rdpq.o)
                0x80028520                rdpq_set_prim_color
 .text.__rdpq_write8_syncchangeuse
                0x80028540       0x80 /opt/libdragon/lib/gcc/mips64-elf/13.2.0/../../../../mips64-elf/lib/libdragon.a(rdpq.o)
                0x80028540                __rdpq_write8_syncchangeuse
 .text.__rdpq_set_scissor
                0x800285c0       0xe0 /opt/libdragon/lib/gcc/mips64-elf/13.2.0/../../../../mips64-elf/lib/libdragon.a(rdpq.o)
                0x800285c0                __rdpq_set_scissor
 .text.__rdpq_set_fill_color
                0x800286a0       0xe0 /opt/libdragon/lib/gcc/mips64-elf/13.2.0/../../../../mips64-elf/lib/libdragon.a(rdpq.o)
                0x800286a0                __rdpq_set_fill_color
 .text.__rdpq_set_color_image
                0x80028780      0x140 /opt/libdragon/lib/gcc/mips64-elf/13.2.0/../../../../mips64-elf/lib/libdragon.a(rdpq.o)
                0x80028780                __rdpq_set_color_image
 .text.rdpq_set_color_image
                0x800288c0      0x200 /opt/libdragon/lib/gcc/mips64-elf/13.2.0/../../../../mips64-elf/lib/libdragon.a(rdpq.o)
                0x800288c0                rdpq_set_color_image
 .text.rdpq_set_z_image
                0x80028ac0       0xc0 /opt/libdragon/lib/gcc/mips64-elf/13.2.0/../../../../mips64-elf/lib/libdragon.a(rdpq.o)
                0x80028ac0                rdpq_set_z_image
 .text.rdpq_set_texture_image
                0x80028b80      0x160 /opt/libdragon/lib/gcc/mips64-elf/13.2.0/../../../../mips64-elf/lib/libdragon.a(rdpq.o)
                0x80028b80                rdpq_set_texture_image
 .text.__rdpq_set_other_modes
                0x80028ce0      0x100 /opt/libdragon/lib/gcc/mips64-elf/13.2.0/../../../../mips64-elf/lib/libdragon.a(rdpq.o)
                0x80028ce0                __rdpq_set_other_modes
 .text.rdpq_init
                0x80028de0      0x180 /opt/libdragon/lib/gcc/mips64-elf/13.2.0/../../../../mips64-elf/lib/libdragon.a(rdpq.o)
                0x80028de0                rdpq_init
 .text.rdpq_set_tile_autotmem
                0x80028f60       0xa0 /opt/libdragon/lib/gcc/mips64-elf/13.2.0/../../../../mips64-elf/lib/libdragon.a(rdpq.o)
                0x80028f60                rdpq_set_tile_autotmem
 .text.rdpq_sync_full
                0x80029000      0x100 /opt/libdragon/lib/gcc/mips64-elf/13.2.0/../../../../mips64-elf/lib/libdragon.a(rdpq.o)
                0x80029000                rdpq_sync_full
 .text.rdpq_sync_pipe
                0x80029100       0x60 /opt/libdragon/lib/gcc/mips64-elf/13.2.0/../../../../mips64-elf/lib/libdragon.a(rdpq.o)
                0x80029100                rdpq_sync_pipe
 .text.rdpq_sync_tile
                0x80029160       0x60 /opt/libdragon/lib/gcc/mips64-elf/13.2.0/../../../../mips64-elf/lib/libdragon.a(rdpq.o)
                0x80029160                rdpq_sync_tile
 .text.rdpq_sync_load
                0x800291c0       0x60 /opt/libdragon/lib/gcc/mips64-elf/13.2.0/../../../../mips64-elf/lib/libdragon.a(rdpq.o)
                0x800291c0                rdpq_sync_load
 .text.decode_som
                0x80029220      0x2a0 /opt/libdragon/lib/gcc/mips64-elf/13.2.0/../../../../mips64-elf/lib/libdragon.a(rdpq_debug.o)
 .text.mark_busy_tmem
                0x800294c0      0x160 /opt/libdragon/lib/gcc/mips64-elf/13.2.0/../../../../mips64-elf/lib/libdragon.a(rdpq_debug.o)
 .text.__rdpq_debug_disasm
                0x80029620     0x2420 /opt/libdragon/lib/gcc/mips64-elf/13.2.0/../../../../mips64-elf/lib/libdragon.a(rdpq_debug.o)
 .text.rdpq_debug_start
                0x8002ba40      0x120 /opt/libdragon/lib/gcc/mips64-elf/13.2.0/../../../../mips64-elf/lib/libdragon.a(rdpq_debug.o)
                0x8002ba40                rdpq_debug_start
 .text.rdpq_debug_disasm
                0x8002bb60      0x1a0 /opt/libdragon/lib/gcc/mips64-elf/13.2.0/../../../../mips64-elf/lib/libdragon.a(rdpq_debug.o)
                0x8002bb60                rdpq_debug_disasm
 .text.validate_emit_error
                0x8002bd00      0x480 /opt/libdragon/lib/gcc/mips64-elf/13.2.0/../../../../mips64-elf/lib/libdragon.a(rdpq_debug.o)
 .text.lazy_validate_rendertarget
                0x8002c180      0x200 /opt/libdragon/lib/gcc/mips64-elf/13.2.0/../../../../mips64-elf/lib/libdragon.a(rdpq_debug.o)
 .text.lazy_validate_rendermode
                0x8002c380      0x6e0 /opt/libdragon/lib/gcc/mips64-elf/13.2.0/../../../../mips64-elf/lib/libdragon.a(rdpq_debug.o)
 .text.validate_draw_cmd
                0x8002ca60      0x460 /opt/libdragon/lib/gcc/mips64-elf/13.2.0/../../../../mips64-elf/lib/libdragon.a(rdpq_debug.o)
 .text.validate_use_tile_internal
                0x8002cec0      0x720 /opt/libdragon/lib/gcc/mips64-elf/13.2.0/../../../../mips64-elf/lib/libdragon.a(rdpq_debug.o)
 .text.validate_use_tile
                0x8002d5e0      0x380 /opt/libdragon/lib/gcc/mips64-elf/13.2.0/../../../../mips64-elf/lib/libdragon.a(rdpq_debug.o)
 .text.rdpq_validate
                0x8002d960     0x12e0 /opt/libdragon/lib/gcc/mips64-elf/13.2.0/../../../../mips64-elf/lib/libdragon.a(rdpq_debug.o)
                0x8002d960                rdpq_validate
 .text.__rdpq_trace_flush
                0x8002ec40      0x2c0 /opt/libdragon/lib/gcc/mips64-elf/13.2.0/../../../../mips64-elf/lib/libdragon.a(rdpq_debug.o)
                0x8002ec40                __rdpq_trace_flush
 .text.__rdpq_trace_fetch
                0x8002ef00      0x220 /opt/libdragon/lib/gcc/mips64-elf/13.2.0/../../../../mips64-elf/lib/libdragon.a(rdpq_debug.o)
                0x8002ef00                __rdpq_trace_fetch
 .text.__rdpq_trace
                0x8002f120       0x20 /opt/libdragon/lib/gcc/mips64-elf/13.2.0/../../../../mips64-elf/lib/libdragon.a(rdpq_debug.o)
                0x8002f120                __rdpq_trace
 .text.__rdpq_fill_rectangle
                0x8002f140      0x120 /opt/libdragon/lib/gcc/mips64-elf/13.2.0/../../../../mips64-elf/lib/libdragon.a(rdpq_rect.o)
                0x8002f140                __rdpq_fill_rectangle
 .text.__rdpq_fill_rectangle_offline
                0x8002f260       0x80 /opt/libdragon/lib/gcc/mips64-elf/13.2.0/../../../../mips64-elf/lib/libdragon.a(rdpq_rect.o)
                0x8002f260                __rdpq_fill_rectangle_offline
 .text.__rdpq_texture_rectangle
                0x8002f2e0      0x1a0 /opt/libdragon/lib/gcc/mips64-elf/13.2.0/../../../../mips64-elf/lib/libdragon.a(rdpq_rect.o)
                0x8002f2e0                __rdpq_texture_rectangle
 .text.__rdpq_texture_rectangle_offline
                0x8002f480      0x1a0 /opt/libdragon/lib/gcc/mips64-elf/13.2.0/../../../../mips64-elf/lib/libdragon.a(rdpq_rect.o)
                0x8002f480                __rdpq_texture_rectangle_offline
 .text.__rdpq_texture_rectangle_scaled_offline
                0x8002f620      0x1e0 /opt/libdragon/lib/gcc/mips64-elf/13.2.0/../../../../mips64-elf/lib/libdragon.a(rdpq_rect.o)
                0x8002f620                __rdpq_texture_rectangle_scaled_offline
 .text.__rdpq_fixup_mode
                0x8002f800       0xc0 /opt/libdragon/lib/gcc/mips64-elf/13.2.0/../../../../mips64-elf/lib/libdragon.a(rdpq_mode.o)
                0x8002f800                __rdpq_fixup_mode
 .text.rdpq_mode_blender
                0x8002f8c0       0x20 /opt/libdragon/lib/gcc/mips64-elf/13.2.0/../../../../mips64-elf/lib/libdragon.a(rdpq_mode.o)
                0x8002f8c0                rdpq_mode_blender
 .text.__rdpq_fixup_mode3
                0x8002f8e0       0xe0 /opt/libdragon/lib/gcc/mips64-elf/13.2.0/../../../../mips64-elf/lib/libdragon.a(rdpq_mode.o)
                0x8002f8e0                __rdpq_fixup_mode3
 .text.__rdpq_mode_change_som
                0x8002f9c0       0xa0 /opt/libdragon/lib/gcc/mips64-elf/13.2.0/../../../../mips64-elf/lib/libdragon.a(rdpq_mode.o)
                0x8002f9c0                __rdpq_mode_change_som
 .text.rdpq_mode_filter
                0x8002fa60       0x20 /opt/libdragon/lib/gcc/mips64-elf/13.2.0/../../../../mips64-elf/lib/libdragon.a(rdpq_mode.o)
                0x8002fa60                rdpq_mode_filter
 .text.rdpq_mode_dithering
                0x8002fa80       0x20 /opt/libdragon/lib/gcc/mips64-elf/13.2.0/../../../../mips64-elf/lib/libdragon.a(rdpq_mode.o)
                0x8002fa80                rdpq_mode_dithering
 .text.rdpq_mode_persp
                0x8002faa0       0x20 /opt/libdragon/lib/gcc/mips64-elf/13.2.0/../../../../mips64-elf/lib/libdragon.a(rdpq_mode.o)
                0x8002faa0                rdpq_mode_persp
 .text.rdpq_mode_fog
                0x8002fac0       0xc0 /opt/libdragon/lib/gcc/mips64-elf/13.2.0/../../../../mips64-elf/lib/libdragon.a(rdpq_mode.o)
                0x8002fac0                rdpq_mode_fog
 .text.rdpq_mode_antialias
                0x8002fb80       0x60 /opt/libdragon/lib/gcc/mips64-elf/13.2.0/../../../../mips64-elf/lib/libdragon.a(rdpq_mode.o)
                0x8002fb80                rdpq_mode_antialias
 .text.__rdpq_fixup_mode4
                0x8002fbe0       0xe0 /opt/libdragon/lib/gcc/mips64-elf/13.2.0/../../../../mips64-elf/lib/libdragon.a(rdpq_mode.o)
                0x8002fbe0                __rdpq_fixup_mode4
 .text.rdpq_mode_combiner
                0x8002fcc0      0x100 /opt/libdragon/lib/gcc/mips64-elf/13.2.0/../../../../mips64-elf/lib/libdragon.a(rdpq_mode.o)
                0x8002fcc0                rdpq_mode_combiner
 .text.__rdpq_reset_render_mode
                0x8002fdc0      0x100 /opt/libdragon/lib/gcc/mips64-elf/13.2.0/../../../../mips64-elf/lib/libdragon.a(rdpq_mode.o)
                0x8002fdc0                __rdpq_reset_render_mode
 .text.rdpq_mode_push
                0x8002fec0       0x40 /opt/libdragon/lib/gcc/mips64-elf/13.2.0/../../../../mips64-elf/lib/libdragon.a(rdpq_mode.o)
                0x8002fec0                rdpq_mode_push
 .text.rdpq_mode_pop
                0x8002ff00       0x20 /opt/libdragon/lib/gcc/mips64-elf/13.2.0/../../../../mips64-elf/lib/libdragon.a(rdpq_mode.o)
                0x8002ff00                rdpq_mode_pop
 .text.__rdpq_set_mode_fill
                0x8002ff20       0x80 /opt/libdragon/lib/gcc/mips64-elf/13.2.0/../../../../mips64-elf/lib/libdragon.a(rdpq_mode.o)
                0x8002ff20                __rdpq_set_mode_fill
 .text.rdpq_set_mode_copy
                0x8002ffa0       0x80 /opt/libdragon/lib/gcc/mips64-elf/13.2.0/../../../../mips64-elf/lib/libdragon.a(rdpq_mode.o)
                0x8002ffa0                rdpq_set_mode_copy
 .text.rdpq_set_mode_standard
                0x80030020       0xc0 /opt/libdragon/lib/gcc/mips64-elf/13.2.0/../../../../mips64-elf/lib/libdragon.a(rdpq_mode.o)
                0x80030020                rdpq_set_mode_standard
 .text.rdpq_mode_begin
                0x800300e0       0x40 /opt/libdragon/lib/gcc/mips64-elf/13.2.0/../../../../mips64-elf/lib/libdragon.a(rdpq_mode.o)
                0x800300e0                rdpq_mode_begin
 .text.rdpq_mode_end
                0x80030120       0x40 /opt/libdragon/lib/gcc/mips64-elf/13.2.0/../../../../mips64-elf/lib/libdragon.a(rdpq_mode.o)
                0x80030120                rdpq_mode_end
 .text.sprite_upload_palette
                0x80030160       0xe0 /opt/libdragon/lib/gcc/mips64-elf/13.2.0/../../../../mips64-elf/lib/libdragon.a(rdpq_sprite.o)
 .text.__rdpq_sprite_upload
                0x80030240      0x520 /opt/libdragon/lib/gcc/mips64-elf/13.2.0/../../../../mips64-elf/lib/libdragon.a(rdpq_sprite.o)
                0x80030240                __rdpq_sprite_upload
 .text.rdpq_sprite_upload
                0x80030760       0x20 /opt/libdragon/lib/gcc/mips64-elf/13.2.0/../../../../mips64-elf/lib/libdragon.a(rdpq_sprite.o)
                0x80030760                rdpq_sprite_upload
 .text.rdpq_sprite_blit
                0x80030780       0xc0 /opt/libdragon/lib/gcc/mips64-elf/13.2.0/../../../../mips64-elf/lib/libdragon.a(rdpq_sprite.o)
                0x80030780                rdpq_sprite_blit
 .text.texload_recalc_tileparms
                0x80030840      0x420 /opt/libdragon/lib/gcc/mips64-elf/13.2.0/../../../../mips64-elf/lib/libdragon.a(rdpq_tex.o)
 .text.texload_set_rect
                0x80030c60      0x240 /opt/libdragon/lib/gcc/mips64-elf/13.2.0/../../../../mips64-elf/lib/libdragon.a(rdpq_tex.o)
 .text.tex_xblit_norotate_noscale
                0x80030ea0      0x1a0 /opt/libdragon/lib/gcc/mips64-elf/13.2.0/../../../../mips64-elf/lib/libdragon.a(rdpq_tex.o)
 .text.tex_xblit_norotate
                0x80031040      0x1c0 /opt/libdragon/lib/gcc/mips64-elf/13.2.0/../../../../mips64-elf/lib/libdragon.a(rdpq_tex.o)
 .text.draw_cb.0
                0x80031200      0x100 /opt/libdragon/lib/gcc/mips64-elf/13.2.0/../../../../mips64-elf/lib/libdragon.a(rdpq_tex.o)
 .text.draw_cb.1
                0x80031300      0x160 /opt/libdragon/lib/gcc/mips64-elf/13.2.0/../../../../mips64-elf/lib/libdragon.a(rdpq_tex.o)
 .text.tex_xblit
                0x80031460      0x3c0 /opt/libdragon/lib/gcc/mips64-elf/13.2.0/../../../../mips64-elf/lib/libdragon.a(rdpq_tex.o)
 .text.draw_cb_multi_rot.2
                0x80031820      0x320 /opt/libdragon/lib/gcc/mips64-elf/13.2.0/../../../../mips64-elf/lib/libdragon.a(rdpq_tex.o)
 .text.draw_cb.3
                0x80031b40      0x1c0 /opt/libdragon/lib/gcc/mips64-elf/13.2.0/../../../../mips64-elf/lib/libdragon.a(rdpq_tex.o)
 .text.rdpq_load_block.part.0
                0x80031d00       0x40 /opt/libdragon/lib/gcc/mips64-elf/13.2.0/../../../../mips64-elf/lib/libdragon.a(rdpq_tex.o)
 .text.texload_settile.constprop.0
                0x80031d40      0x140 /opt/libdragon/lib/gcc/mips64-elf/13.2.0/../../../../mips64-elf/lib/libdragon.a(rdpq_tex.o)
 .text.texload_tile
                0x80031e80      0x260 /opt/libdragon/lib/gcc/mips64-elf/13.2.0/../../../../mips64-elf/lib/libdragon.a(rdpq_tex.o)
 .text.texload_tile_4bpp
                0x800320e0      0x380 /opt/libdragon/lib/gcc/mips64-elf/13.2.0/../../../../mips64-elf/lib/libdragon.a(rdpq_tex.o)
 .text.texload_block_4bpp
                0x80032460      0x460 /opt/libdragon/lib/gcc/mips64-elf/13.2.0/../../../../mips64-elf/lib/libdragon.a(rdpq_tex.o)
 .text.texload_block_8bpp
                0x800328c0      0x400 /opt/libdragon/lib/gcc/mips64-elf/13.2.0/../../../../mips64-elf/lib/libdragon.a(rdpq_tex.o)
 .text.texload_block
                0x80032cc0      0x400 /opt/libdragon/lib/gcc/mips64-elf/13.2.0/../../../../mips64-elf/lib/libdragon.a(rdpq_tex.o)
 .text.tex_loader_load